# capacity_dirty_2048 — E4 rotation+dirty-eviction gate: write 2048 lines (512/bank, forces
# dirty evictions when capacity collapses), read back (hit-rate + writeback data correctness).
# port,rw,addr,size,delay
0,W,0x80000000,4,20
0,W,0x80000040,4,20
0,W,0x80000080,4,20
0,W,0x800000c0,4,20
0,W,0x80000100,4,20
0,W,0x80000140,4,20
0,W,0x80000180,4,20
0,W,0x800001c0,4,20
0,W,0x80000200,4,20
0,W,0x80000240,4,20
0,W,0x80000280,4,20
0,W,0x800002c0,4,20
0,W,0x80000300,4,20
0,W,0x80000340,4,20
0,W,0x80000380,4,20
0,W,0x800003c0,4,20
0,W,0x80000400,4,20
0,W,0x80000440,4,20
0,W,0x80000480,4,20
0,W,0x800004c0,4,20
0,W,0x80000500,4,20
0,W,0x80000540,4,20
0,W,0x80000580,4,20
0,W,0x800005c0,4,20
0,W,0x80000600,4,20
0,W,0x80000640,4,20
0,W,0x80000680,4,20
0,W,0x800006c0,4,20
0,W,0x80000700,4,20
0,W,0x80000740,4,20
0,W,0x80000780,4,20
0,W,0x800007c0,4,20
0,W,0x80000800,4,20
0,W,0x80000840,4,20
0,W,0x80000880,4,20
0,W,0x800008c0,4,20
0,W,0x80000900,4,20
0,W,0x80000940,4,20
0,W,0x80000980,4,20
0,W,0x800009c0,4,20
0,W,0x80000a00,4,20
0,W,0x80000a40,4,20
0,W,0x80000a80,4,20
0,W,0x80000ac0,4,20
0,W,0x80000b00,4,20
0,W,0x80000b40,4,20
0,W,0x80000b80,4,20
0,W,0x80000bc0,4,20
0,W,0x80000c00,4,20
0,W,0x80000c40,4,20
0,W,0x80000c80,4,20
0,W,0x80000cc0,4,20
0,W,0x80000d00,4,20
0,W,0x80000d40,4,20
0,W,0x80000d80,4,20
0,W,0x80000dc0,4,20
0,W,0x80000e00,4,20
0,W,0x80000e40,4,20
0,W,0x80000e80,4,20
0,W,0x80000ec0,4,20
0,W,0x80000f00,4,20
0,W,0x80000f40,4,20
0,W,0x80000f80,4,20
0,W,0x80000fc0,4,20
0,W,0x80001000,4,20
0,W,0x80001040,4,20
0,W,0x80001080,4,20
0,W,0x800010c0,4,20
0,W,0x80001100,4,20
0,W,0x80001140,4,20
0,W,0x80001180,4,20
0,W,0x800011c0,4,20
0,W,0x80001200,4,20
0,W,0x80001240,4,20
0,W,0x80001280,4,20
0,W,0x800012c0,4,20
0,W,0x80001300,4,20
0,W,0x80001340,4,20
0,W,0x80001380,4,20
0,W,0x800013c0,4,20
0,W,0x80001400,4,20
0,W,0x80001440,4,20
0,W,0x80001480,4,20
0,W,0x800014c0,4,20
0,W,0x80001500,4,20
0,W,0x80001540,4,20
0,W,0x80001580,4,20
0,W,0x800015c0,4,20
0,W,0x80001600,4,20
0,W,0x80001640,4,20
0,W,0x80001680,4,20
0,W,0x800016c0,4,20
0,W,0x80001700,4,20
0,W,0x80001740,4,20
0,W,0x80001780,4,20
0,W,0x800017c0,4,20
0,W,0x80001800,4,20
0,W,0x80001840,4,20
0,W,0x80001880,4,20
0,W,0x800018c0,4,20
0,W,0x80001900,4,20
0,W,0x80001940,4,20
0,W,0x80001980,4,20
0,W,0x800019c0,4,20
0,W,0x80001a00,4,20
0,W,0x80001a40,4,20
0,W,0x80001a80,4,20
0,W,0x80001ac0,4,20
0,W,0x80001b00,4,20
0,W,0x80001b40,4,20
0,W,0x80001b80,4,20
0,W,0x80001bc0,4,20
0,W,0x80001c00,4,20
0,W,0x80001c40,4,20
0,W,0x80001c80,4,20
0,W,0x80001cc0,4,20
0,W,0x80001d00,4,20
0,W,0x80001d40,4,20
0,W,0x80001d80,4,20
0,W,0x80001dc0,4,20
0,W,0x80001e00,4,20
0,W,0x80001e40,4,20
0,W,0x80001e80,4,20
0,W,0x80001ec0,4,20
0,W,0x80001f00,4,20
0,W,0x80001f40,4,20
0,W,0x80001f80,4,20
0,W,0x80001fc0,4,20
0,W,0x80002000,4,20
0,W,0x80002040,4,20
0,W,0x80002080,4,20
0,W,0x800020c0,4,20
0,W,0x80002100,4,20
0,W,0x80002140,4,20
0,W,0x80002180,4,20
0,W,0x800021c0,4,20
0,W,0x80002200,4,20
0,W,0x80002240,4,20
0,W,0x80002280,4,20
0,W,0x800022c0,4,20
0,W,0x80002300,4,20
0,W,0x80002340,4,20
0,W,0x80002380,4,20
0,W,0x800023c0,4,20
0,W,0x80002400,4,20
0,W,0x80002440,4,20
0,W,0x80002480,4,20
0,W,0x800024c0,4,20
0,W,0x80002500,4,20
0,W,0x80002540,4,20
0,W,0x80002580,4,20
0,W,0x800025c0,4,20
0,W,0x80002600,4,20
0,W,0x80002640,4,20
0,W,0x80002680,4,20
0,W,0x800026c0,4,20
0,W,0x80002700,4,20
0,W,0x80002740,4,20
0,W,0x80002780,4,20
0,W,0x800027c0,4,20
0,W,0x80002800,4,20
0,W,0x80002840,4,20
0,W,0x80002880,4,20
0,W,0x800028c0,4,20
0,W,0x80002900,4,20
0,W,0x80002940,4,20
0,W,0x80002980,4,20
0,W,0x800029c0,4,20
0,W,0x80002a00,4,20
0,W,0x80002a40,4,20
0,W,0x80002a80,4,20
0,W,0x80002ac0,4,20
0,W,0x80002b00,4,20
0,W,0x80002b40,4,20
0,W,0x80002b80,4,20
0,W,0x80002bc0,4,20
0,W,0x80002c00,4,20
0,W,0x80002c40,4,20
0,W,0x80002c80,4,20
0,W,0x80002cc0,4,20
0,W,0x80002d00,4,20
0,W,0x80002d40,4,20
0,W,0x80002d80,4,20
0,W,0x80002dc0,4,20
0,W,0x80002e00,4,20
0,W,0x80002e40,4,20
0,W,0x80002e80,4,20
0,W,0x80002ec0,4,20
0,W,0x80002f00,4,20
0,W,0x80002f40,4,20
0,W,0x80002f80,4,20
0,W,0x80002fc0,4,20
0,W,0x80003000,4,20
0,W,0x80003040,4,20
0,W,0x80003080,4,20
0,W,0x800030c0,4,20
0,W,0x80003100,4,20
0,W,0x80003140,4,20
0,W,0x80003180,4,20
0,W,0x800031c0,4,20
0,W,0x80003200,4,20
0,W,0x80003240,4,20
0,W,0x80003280,4,20
0,W,0x800032c0,4,20
0,W,0x80003300,4,20
0,W,0x80003340,4,20
0,W,0x80003380,4,20
0,W,0x800033c0,4,20
0,W,0x80003400,4,20
0,W,0x80003440,4,20
0,W,0x80003480,4,20
0,W,0x800034c0,4,20
0,W,0x80003500,4,20
0,W,0x80003540,4,20
0,W,0x80003580,4,20
0,W,0x800035c0,4,20
0,W,0x80003600,4,20
0,W,0x80003640,4,20
0,W,0x80003680,4,20
0,W,0x800036c0,4,20
0,W,0x80003700,4,20
0,W,0x80003740,4,20
0,W,0x80003780,4,20
0,W,0x800037c0,4,20
0,W,0x80003800,4,20
0,W,0x80003840,4,20
0,W,0x80003880,4,20
0,W,0x800038c0,4,20
0,W,0x80003900,4,20
0,W,0x80003940,4,20
0,W,0x80003980,4,20
0,W,0x800039c0,4,20
0,W,0x80003a00,4,20
0,W,0x80003a40,4,20
0,W,0x80003a80,4,20
0,W,0x80003ac0,4,20
0,W,0x80003b00,4,20
0,W,0x80003b40,4,20
0,W,0x80003b80,4,20
0,W,0x80003bc0,4,20
0,W,0x80003c00,4,20
0,W,0x80003c40,4,20
0,W,0x80003c80,4,20
0,W,0x80003cc0,4,20
0,W,0x80003d00,4,20
0,W,0x80003d40,4,20
0,W,0x80003d80,4,20
0,W,0x80003dc0,4,20
0,W,0x80003e00,4,20
0,W,0x80003e40,4,20
0,W,0x80003e80,4,20
0,W,0x80003ec0,4,20
0,W,0x80003f00,4,20
0,W,0x80003f40,4,20
0,W,0x80003f80,4,20
0,W,0x80003fc0,4,20
0,W,0x80004000,4,20
0,W,0x80004040,4,20
0,W,0x80004080,4,20
0,W,0x800040c0,4,20
0,W,0x80004100,4,20
0,W,0x80004140,4,20
0,W,0x80004180,4,20
0,W,0x800041c0,4,20
0,W,0x80004200,4,20
0,W,0x80004240,4,20
0,W,0x80004280,4,20
0,W,0x800042c0,4,20
0,W,0x80004300,4,20
0,W,0x80004340,4,20
0,W,0x80004380,4,20
0,W,0x800043c0,4,20
0,W,0x80004400,4,20
0,W,0x80004440,4,20
0,W,0x80004480,4,20
0,W,0x800044c0,4,20
0,W,0x80004500,4,20
0,W,0x80004540,4,20
0,W,0x80004580,4,20
0,W,0x800045c0,4,20
0,W,0x80004600,4,20
0,W,0x80004640,4,20
0,W,0x80004680,4,20
0,W,0x800046c0,4,20
0,W,0x80004700,4,20
0,W,0x80004740,4,20
0,W,0x80004780,4,20
0,W,0x800047c0,4,20
0,W,0x80004800,4,20
0,W,0x80004840,4,20
0,W,0x80004880,4,20
0,W,0x800048c0,4,20
0,W,0x80004900,4,20
0,W,0x80004940,4,20
0,W,0x80004980,4,20
0,W,0x800049c0,4,20
0,W,0x80004a00,4,20
0,W,0x80004a40,4,20
0,W,0x80004a80,4,20
0,W,0x80004ac0,4,20
0,W,0x80004b00,4,20
0,W,0x80004b40,4,20
0,W,0x80004b80,4,20
0,W,0x80004bc0,4,20
0,W,0x80004c00,4,20
0,W,0x80004c40,4,20
0,W,0x80004c80,4,20
0,W,0x80004cc0,4,20
0,W,0x80004d00,4,20
0,W,0x80004d40,4,20
0,W,0x80004d80,4,20
0,W,0x80004dc0,4,20
0,W,0x80004e00,4,20
0,W,0x80004e40,4,20
0,W,0x80004e80,4,20
0,W,0x80004ec0,4,20
0,W,0x80004f00,4,20
0,W,0x80004f40,4,20
0,W,0x80004f80,4,20
0,W,0x80004fc0,4,20
0,W,0x80005000,4,20
0,W,0x80005040,4,20
0,W,0x80005080,4,20
0,W,0x800050c0,4,20
0,W,0x80005100,4,20
0,W,0x80005140,4,20
0,W,0x80005180,4,20
0,W,0x800051c0,4,20
0,W,0x80005200,4,20
0,W,0x80005240,4,20
0,W,0x80005280,4,20
0,W,0x800052c0,4,20
0,W,0x80005300,4,20
0,W,0x80005340,4,20
0,W,0x80005380,4,20
0,W,0x800053c0,4,20
0,W,0x80005400,4,20
0,W,0x80005440,4,20
0,W,0x80005480,4,20
0,W,0x800054c0,4,20
0,W,0x80005500,4,20
0,W,0x80005540,4,20
0,W,0x80005580,4,20
0,W,0x800055c0,4,20
0,W,0x80005600,4,20
0,W,0x80005640,4,20
0,W,0x80005680,4,20
0,W,0x800056c0,4,20
0,W,0x80005700,4,20
0,W,0x80005740,4,20
0,W,0x80005780,4,20
0,W,0x800057c0,4,20
0,W,0x80005800,4,20
0,W,0x80005840,4,20
0,W,0x80005880,4,20
0,W,0x800058c0,4,20
0,W,0x80005900,4,20
0,W,0x80005940,4,20
0,W,0x80005980,4,20
0,W,0x800059c0,4,20
0,W,0x80005a00,4,20
0,W,0x80005a40,4,20
0,W,0x80005a80,4,20
0,W,0x80005ac0,4,20
0,W,0x80005b00,4,20
0,W,0x80005b40,4,20
0,W,0x80005b80,4,20
0,W,0x80005bc0,4,20
0,W,0x80005c00,4,20
0,W,0x80005c40,4,20
0,W,0x80005c80,4,20
0,W,0x80005cc0,4,20
0,W,0x80005d00,4,20
0,W,0x80005d40,4,20
0,W,0x80005d80,4,20
0,W,0x80005dc0,4,20
0,W,0x80005e00,4,20
0,W,0x80005e40,4,20
0,W,0x80005e80,4,20
0,W,0x80005ec0,4,20
0,W,0x80005f00,4,20
0,W,0x80005f40,4,20
0,W,0x80005f80,4,20
0,W,0x80005fc0,4,20
0,W,0x80006000,4,20
0,W,0x80006040,4,20
0,W,0x80006080,4,20
0,W,0x800060c0,4,20
0,W,0x80006100,4,20
0,W,0x80006140,4,20
0,W,0x80006180,4,20
0,W,0x800061c0,4,20
0,W,0x80006200,4,20
0,W,0x80006240,4,20
0,W,0x80006280,4,20
0,W,0x800062c0,4,20
0,W,0x80006300,4,20
0,W,0x80006340,4,20
0,W,0x80006380,4,20
0,W,0x800063c0,4,20
0,W,0x80006400,4,20
0,W,0x80006440,4,20
0,W,0x80006480,4,20
0,W,0x800064c0,4,20
0,W,0x80006500,4,20
0,W,0x80006540,4,20
0,W,0x80006580,4,20
0,W,0x800065c0,4,20
0,W,0x80006600,4,20
0,W,0x80006640,4,20
0,W,0x80006680,4,20
0,W,0x800066c0,4,20
0,W,0x80006700,4,20
0,W,0x80006740,4,20
0,W,0x80006780,4,20
0,W,0x800067c0,4,20
0,W,0x80006800,4,20
0,W,0x80006840,4,20
0,W,0x80006880,4,20
0,W,0x800068c0,4,20
0,W,0x80006900,4,20
0,W,0x80006940,4,20
0,W,0x80006980,4,20
0,W,0x800069c0,4,20
0,W,0x80006a00,4,20
0,W,0x80006a40,4,20
0,W,0x80006a80,4,20
0,W,0x80006ac0,4,20
0,W,0x80006b00,4,20
0,W,0x80006b40,4,20
0,W,0x80006b80,4,20
0,W,0x80006bc0,4,20
0,W,0x80006c00,4,20
0,W,0x80006c40,4,20
0,W,0x80006c80,4,20
0,W,0x80006cc0,4,20
0,W,0x80006d00,4,20
0,W,0x80006d40,4,20
0,W,0x80006d80,4,20
0,W,0x80006dc0,4,20
0,W,0x80006e00,4,20
0,W,0x80006e40,4,20
0,W,0x80006e80,4,20
0,W,0x80006ec0,4,20
0,W,0x80006f00,4,20
0,W,0x80006f40,4,20
0,W,0x80006f80,4,20
0,W,0x80006fc0,4,20
0,W,0x80007000,4,20
0,W,0x80007040,4,20
0,W,0x80007080,4,20
0,W,0x800070c0,4,20
0,W,0x80007100,4,20
0,W,0x80007140,4,20
0,W,0x80007180,4,20
0,W,0x800071c0,4,20
0,W,0x80007200,4,20
0,W,0x80007240,4,20
0,W,0x80007280,4,20
0,W,0x800072c0,4,20
0,W,0x80007300,4,20
0,W,0x80007340,4,20
0,W,0x80007380,4,20
0,W,0x800073c0,4,20
0,W,0x80007400,4,20
0,W,0x80007440,4,20
0,W,0x80007480,4,20
0,W,0x800074c0,4,20
0,W,0x80007500,4,20
0,W,0x80007540,4,20
0,W,0x80007580,4,20
0,W,0x800075c0,4,20
0,W,0x80007600,4,20
0,W,0x80007640,4,20
0,W,0x80007680,4,20
0,W,0x800076c0,4,20
0,W,0x80007700,4,20
0,W,0x80007740,4,20
0,W,0x80007780,4,20
0,W,0x800077c0,4,20
0,W,0x80007800,4,20
0,W,0x80007840,4,20
0,W,0x80007880,4,20
0,W,0x800078c0,4,20
0,W,0x80007900,4,20
0,W,0x80007940,4,20
0,W,0x80007980,4,20
0,W,0x800079c0,4,20
0,W,0x80007a00,4,20
0,W,0x80007a40,4,20
0,W,0x80007a80,4,20
0,W,0x80007ac0,4,20
0,W,0x80007b00,4,20
0,W,0x80007b40,4,20
0,W,0x80007b80,4,20
0,W,0x80007bc0,4,20
0,W,0x80007c00,4,20
0,W,0x80007c40,4,20
0,W,0x80007c80,4,20
0,W,0x80007cc0,4,20
0,W,0x80007d00,4,20
0,W,0x80007d40,4,20
0,W,0x80007d80,4,20
0,W,0x80007dc0,4,20
0,W,0x80007e00,4,20
0,W,0x80007e40,4,20
0,W,0x80007e80,4,20
0,W,0x80007ec0,4,20
0,W,0x80007f00,4,20
0,W,0x80007f40,4,20
0,W,0x80007f80,4,20
0,W,0x80007fc0,4,20
0,W,0x80008000,4,20
0,W,0x80008040,4,20
0,W,0x80008080,4,20
0,W,0x800080c0,4,20
0,W,0x80008100,4,20
0,W,0x80008140,4,20
0,W,0x80008180,4,20
0,W,0x800081c0,4,20
0,W,0x80008200,4,20
0,W,0x80008240,4,20
0,W,0x80008280,4,20
0,W,0x800082c0,4,20
0,W,0x80008300,4,20
0,W,0x80008340,4,20
0,W,0x80008380,4,20
0,W,0x800083c0,4,20
0,W,0x80008400,4,20
0,W,0x80008440,4,20
0,W,0x80008480,4,20
0,W,0x800084c0,4,20
0,W,0x80008500,4,20
0,W,0x80008540,4,20
0,W,0x80008580,4,20
0,W,0x800085c0,4,20
0,W,0x80008600,4,20
0,W,0x80008640,4,20
0,W,0x80008680,4,20
0,W,0x800086c0,4,20
0,W,0x80008700,4,20
0,W,0x80008740,4,20
0,W,0x80008780,4,20
0,W,0x800087c0,4,20
0,W,0x80008800,4,20
0,W,0x80008840,4,20
0,W,0x80008880,4,20
0,W,0x800088c0,4,20
0,W,0x80008900,4,20
0,W,0x80008940,4,20
0,W,0x80008980,4,20
0,W,0x800089c0,4,20
0,W,0x80008a00,4,20
0,W,0x80008a40,4,20
0,W,0x80008a80,4,20
0,W,0x80008ac0,4,20
0,W,0x80008b00,4,20
0,W,0x80008b40,4,20
0,W,0x80008b80,4,20
0,W,0x80008bc0,4,20
0,W,0x80008c00,4,20
0,W,0x80008c40,4,20
0,W,0x80008c80,4,20
0,W,0x80008cc0,4,20
0,W,0x80008d00,4,20
0,W,0x80008d40,4,20
0,W,0x80008d80,4,20
0,W,0x80008dc0,4,20
0,W,0x80008e00,4,20
0,W,0x80008e40,4,20
0,W,0x80008e80,4,20
0,W,0x80008ec0,4,20
0,W,0x80008f00,4,20
0,W,0x80008f40,4,20
0,W,0x80008f80,4,20
0,W,0x80008fc0,4,20
0,W,0x80009000,4,20
0,W,0x80009040,4,20
0,W,0x80009080,4,20
0,W,0x800090c0,4,20
0,W,0x80009100,4,20
0,W,0x80009140,4,20
0,W,0x80009180,4,20
0,W,0x800091c0,4,20
0,W,0x80009200,4,20
0,W,0x80009240,4,20
0,W,0x80009280,4,20
0,W,0x800092c0,4,20
0,W,0x80009300,4,20
0,W,0x80009340,4,20
0,W,0x80009380,4,20
0,W,0x800093c0,4,20
0,W,0x80009400,4,20
0,W,0x80009440,4,20
0,W,0x80009480,4,20
0,W,0x800094c0,4,20
0,W,0x80009500,4,20
0,W,0x80009540,4,20
0,W,0x80009580,4,20
0,W,0x800095c0,4,20
0,W,0x80009600,4,20
0,W,0x80009640,4,20
0,W,0x80009680,4,20
0,W,0x800096c0,4,20
0,W,0x80009700,4,20
0,W,0x80009740,4,20
0,W,0x80009780,4,20
0,W,0x800097c0,4,20
0,W,0x80009800,4,20
0,W,0x80009840,4,20
0,W,0x80009880,4,20
0,W,0x800098c0,4,20
0,W,0x80009900,4,20
0,W,0x80009940,4,20
0,W,0x80009980,4,20
0,W,0x800099c0,4,20
0,W,0x80009a00,4,20
0,W,0x80009a40,4,20
0,W,0x80009a80,4,20
0,W,0x80009ac0,4,20
0,W,0x80009b00,4,20
0,W,0x80009b40,4,20
0,W,0x80009b80,4,20
0,W,0x80009bc0,4,20
0,W,0x80009c00,4,20
0,W,0x80009c40,4,20
0,W,0x80009c80,4,20
0,W,0x80009cc0,4,20
0,W,0x80009d00,4,20
0,W,0x80009d40,4,20
0,W,0x80009d80,4,20
0,W,0x80009dc0,4,20
0,W,0x80009e00,4,20
0,W,0x80009e40,4,20
0,W,0x80009e80,4,20
0,W,0x80009ec0,4,20
0,W,0x80009f00,4,20
0,W,0x80009f40,4,20
0,W,0x80009f80,4,20
0,W,0x80009fc0,4,20
0,W,0x8000a000,4,20
0,W,0x8000a040,4,20
0,W,0x8000a080,4,20
0,W,0x8000a0c0,4,20
0,W,0x8000a100,4,20
0,W,0x8000a140,4,20
0,W,0x8000a180,4,20
0,W,0x8000a1c0,4,20
0,W,0x8000a200,4,20
0,W,0x8000a240,4,20
0,W,0x8000a280,4,20
0,W,0x8000a2c0,4,20
0,W,0x8000a300,4,20
0,W,0x8000a340,4,20
0,W,0x8000a380,4,20
0,W,0x8000a3c0,4,20
0,W,0x8000a400,4,20
0,W,0x8000a440,4,20
0,W,0x8000a480,4,20
0,W,0x8000a4c0,4,20
0,W,0x8000a500,4,20
0,W,0x8000a540,4,20
0,W,0x8000a580,4,20
0,W,0x8000a5c0,4,20
0,W,0x8000a600,4,20
0,W,0x8000a640,4,20
0,W,0x8000a680,4,20
0,W,0x8000a6c0,4,20
0,W,0x8000a700,4,20
0,W,0x8000a740,4,20
0,W,0x8000a780,4,20
0,W,0x8000a7c0,4,20
0,W,0x8000a800,4,20
0,W,0x8000a840,4,20
0,W,0x8000a880,4,20
0,W,0x8000a8c0,4,20
0,W,0x8000a900,4,20
0,W,0x8000a940,4,20
0,W,0x8000a980,4,20
0,W,0x8000a9c0,4,20
0,W,0x8000aa00,4,20
0,W,0x8000aa40,4,20
0,W,0x8000aa80,4,20
0,W,0x8000aac0,4,20
0,W,0x8000ab00,4,20
0,W,0x8000ab40,4,20
0,W,0x8000ab80,4,20
0,W,0x8000abc0,4,20
0,W,0x8000ac00,4,20
0,W,0x8000ac40,4,20
0,W,0x8000ac80,4,20
0,W,0x8000acc0,4,20
0,W,0x8000ad00,4,20
0,W,0x8000ad40,4,20
0,W,0x8000ad80,4,20
0,W,0x8000adc0,4,20
0,W,0x8000ae00,4,20
0,W,0x8000ae40,4,20
0,W,0x8000ae80,4,20
0,W,0x8000aec0,4,20
0,W,0x8000af00,4,20
0,W,0x8000af40,4,20
0,W,0x8000af80,4,20
0,W,0x8000afc0,4,20
0,W,0x8000b000,4,20
0,W,0x8000b040,4,20
0,W,0x8000b080,4,20
0,W,0x8000b0c0,4,20
0,W,0x8000b100,4,20
0,W,0x8000b140,4,20
0,W,0x8000b180,4,20
0,W,0x8000b1c0,4,20
0,W,0x8000b200,4,20
0,W,0x8000b240,4,20
0,W,0x8000b280,4,20
0,W,0x8000b2c0,4,20
0,W,0x8000b300,4,20
0,W,0x8000b340,4,20
0,W,0x8000b380,4,20
0,W,0x8000b3c0,4,20
0,W,0x8000b400,4,20
0,W,0x8000b440,4,20
0,W,0x8000b480,4,20
0,W,0x8000b4c0,4,20
0,W,0x8000b500,4,20
0,W,0x8000b540,4,20
0,W,0x8000b580,4,20
0,W,0x8000b5c0,4,20
0,W,0x8000b600,4,20
0,W,0x8000b640,4,20
0,W,0x8000b680,4,20
0,W,0x8000b6c0,4,20
0,W,0x8000b700,4,20
0,W,0x8000b740,4,20
0,W,0x8000b780,4,20
0,W,0x8000b7c0,4,20
0,W,0x8000b800,4,20
0,W,0x8000b840,4,20
0,W,0x8000b880,4,20
0,W,0x8000b8c0,4,20
0,W,0x8000b900,4,20
0,W,0x8000b940,4,20
0,W,0x8000b980,4,20
0,W,0x8000b9c0,4,20
0,W,0x8000ba00,4,20
0,W,0x8000ba40,4,20
0,W,0x8000ba80,4,20
0,W,0x8000bac0,4,20
0,W,0x8000bb00,4,20
0,W,0x8000bb40,4,20
0,W,0x8000bb80,4,20
0,W,0x8000bbc0,4,20
0,W,0x8000bc00,4,20
0,W,0x8000bc40,4,20
0,W,0x8000bc80,4,20
0,W,0x8000bcc0,4,20
0,W,0x8000bd00,4,20
0,W,0x8000bd40,4,20
0,W,0x8000bd80,4,20
0,W,0x8000bdc0,4,20
0,W,0x8000be00,4,20
0,W,0x8000be40,4,20
0,W,0x8000be80,4,20
0,W,0x8000bec0,4,20
0,W,0x8000bf00,4,20
0,W,0x8000bf40,4,20
0,W,0x8000bf80,4,20
0,W,0x8000bfc0,4,20
0,W,0x8000c000,4,20
0,W,0x8000c040,4,20
0,W,0x8000c080,4,20
0,W,0x8000c0c0,4,20
0,W,0x8000c100,4,20
0,W,0x8000c140,4,20
0,W,0x8000c180,4,20
0,W,0x8000c1c0,4,20
0,W,0x8000c200,4,20
0,W,0x8000c240,4,20
0,W,0x8000c280,4,20
0,W,0x8000c2c0,4,20
0,W,0x8000c300,4,20
0,W,0x8000c340,4,20
0,W,0x8000c380,4,20
0,W,0x8000c3c0,4,20
0,W,0x8000c400,4,20
0,W,0x8000c440,4,20
0,W,0x8000c480,4,20
0,W,0x8000c4c0,4,20
0,W,0x8000c500,4,20
0,W,0x8000c540,4,20
0,W,0x8000c580,4,20
0,W,0x8000c5c0,4,20
0,W,0x8000c600,4,20
0,W,0x8000c640,4,20
0,W,0x8000c680,4,20
0,W,0x8000c6c0,4,20
0,W,0x8000c700,4,20
0,W,0x8000c740,4,20
0,W,0x8000c780,4,20
0,W,0x8000c7c0,4,20
0,W,0x8000c800,4,20
0,W,0x8000c840,4,20
0,W,0x8000c880,4,20
0,W,0x8000c8c0,4,20
0,W,0x8000c900,4,20
0,W,0x8000c940,4,20
0,W,0x8000c980,4,20
0,W,0x8000c9c0,4,20
0,W,0x8000ca00,4,20
0,W,0x8000ca40,4,20
0,W,0x8000ca80,4,20
0,W,0x8000cac0,4,20
0,W,0x8000cb00,4,20
0,W,0x8000cb40,4,20
0,W,0x8000cb80,4,20
0,W,0x8000cbc0,4,20
0,W,0x8000cc00,4,20
0,W,0x8000cc40,4,20
0,W,0x8000cc80,4,20
0,W,0x8000ccc0,4,20
0,W,0x8000cd00,4,20
0,W,0x8000cd40,4,20
0,W,0x8000cd80,4,20
0,W,0x8000cdc0,4,20
0,W,0x8000ce00,4,20
0,W,0x8000ce40,4,20
0,W,0x8000ce80,4,20
0,W,0x8000cec0,4,20
0,W,0x8000cf00,4,20
0,W,0x8000cf40,4,20
0,W,0x8000cf80,4,20
0,W,0x8000cfc0,4,20
0,W,0x8000d000,4,20
0,W,0x8000d040,4,20
0,W,0x8000d080,4,20
0,W,0x8000d0c0,4,20
0,W,0x8000d100,4,20
0,W,0x8000d140,4,20
0,W,0x8000d180,4,20
0,W,0x8000d1c0,4,20
0,W,0x8000d200,4,20
0,W,0x8000d240,4,20
0,W,0x8000d280,4,20
0,W,0x8000d2c0,4,20
0,W,0x8000d300,4,20
0,W,0x8000d340,4,20
0,W,0x8000d380,4,20
0,W,0x8000d3c0,4,20
0,W,0x8000d400,4,20
0,W,0x8000d440,4,20
0,W,0x8000d480,4,20
0,W,0x8000d4c0,4,20
0,W,0x8000d500,4,20
0,W,0x8000d540,4,20
0,W,0x8000d580,4,20
0,W,0x8000d5c0,4,20
0,W,0x8000d600,4,20
0,W,0x8000d640,4,20
0,W,0x8000d680,4,20
0,W,0x8000d6c0,4,20
0,W,0x8000d700,4,20
0,W,0x8000d740,4,20
0,W,0x8000d780,4,20
0,W,0x8000d7c0,4,20
0,W,0x8000d800,4,20
0,W,0x8000d840,4,20
0,W,0x8000d880,4,20
0,W,0x8000d8c0,4,20
0,W,0x8000d900,4,20
0,W,0x8000d940,4,20
0,W,0x8000d980,4,20
0,W,0x8000d9c0,4,20
0,W,0x8000da00,4,20
0,W,0x8000da40,4,20
0,W,0x8000da80,4,20
0,W,0x8000dac0,4,20
0,W,0x8000db00,4,20
0,W,0x8000db40,4,20
0,W,0x8000db80,4,20
0,W,0x8000dbc0,4,20
0,W,0x8000dc00,4,20
0,W,0x8000dc40,4,20
0,W,0x8000dc80,4,20
0,W,0x8000dcc0,4,20
0,W,0x8000dd00,4,20
0,W,0x8000dd40,4,20
0,W,0x8000dd80,4,20
0,W,0x8000ddc0,4,20
0,W,0x8000de00,4,20
0,W,0x8000de40,4,20
0,W,0x8000de80,4,20
0,W,0x8000dec0,4,20
0,W,0x8000df00,4,20
0,W,0x8000df40,4,20
0,W,0x8000df80,4,20
0,W,0x8000dfc0,4,20
0,W,0x8000e000,4,20
0,W,0x8000e040,4,20
0,W,0x8000e080,4,20
0,W,0x8000e0c0,4,20
0,W,0x8000e100,4,20
0,W,0x8000e140,4,20
0,W,0x8000e180,4,20
0,W,0x8000e1c0,4,20
0,W,0x8000e200,4,20
0,W,0x8000e240,4,20
0,W,0x8000e280,4,20
0,W,0x8000e2c0,4,20
0,W,0x8000e300,4,20
0,W,0x8000e340,4,20
0,W,0x8000e380,4,20
0,W,0x8000e3c0,4,20
0,W,0x8000e400,4,20
0,W,0x8000e440,4,20
0,W,0x8000e480,4,20
0,W,0x8000e4c0,4,20
0,W,0x8000e500,4,20
0,W,0x8000e540,4,20
0,W,0x8000e580,4,20
0,W,0x8000e5c0,4,20
0,W,0x8000e600,4,20
0,W,0x8000e640,4,20
0,W,0x8000e680,4,20
0,W,0x8000e6c0,4,20
0,W,0x8000e700,4,20
0,W,0x8000e740,4,20
0,W,0x8000e780,4,20
0,W,0x8000e7c0,4,20
0,W,0x8000e800,4,20
0,W,0x8000e840,4,20
0,W,0x8000e880,4,20
0,W,0x8000e8c0,4,20
0,W,0x8000e900,4,20
0,W,0x8000e940,4,20
0,W,0x8000e980,4,20
0,W,0x8000e9c0,4,20
0,W,0x8000ea00,4,20
0,W,0x8000ea40,4,20
0,W,0x8000ea80,4,20
0,W,0x8000eac0,4,20
0,W,0x8000eb00,4,20
0,W,0x8000eb40,4,20
0,W,0x8000eb80,4,20
0,W,0x8000ebc0,4,20
0,W,0x8000ec00,4,20
0,W,0x8000ec40,4,20
0,W,0x8000ec80,4,20
0,W,0x8000ecc0,4,20
0,W,0x8000ed00,4,20
0,W,0x8000ed40,4,20
0,W,0x8000ed80,4,20
0,W,0x8000edc0,4,20
0,W,0x8000ee00,4,20
0,W,0x8000ee40,4,20
0,W,0x8000ee80,4,20
0,W,0x8000eec0,4,20
0,W,0x8000ef00,4,20
0,W,0x8000ef40,4,20
0,W,0x8000ef80,4,20
0,W,0x8000efc0,4,20
0,W,0x8000f000,4,20
0,W,0x8000f040,4,20
0,W,0x8000f080,4,20
0,W,0x8000f0c0,4,20
0,W,0x8000f100,4,20
0,W,0x8000f140,4,20
0,W,0x8000f180,4,20
0,W,0x8000f1c0,4,20
0,W,0x8000f200,4,20
0,W,0x8000f240,4,20
0,W,0x8000f280,4,20
0,W,0x8000f2c0,4,20
0,W,0x8000f300,4,20
0,W,0x8000f340,4,20
0,W,0x8000f380,4,20
0,W,0x8000f3c0,4,20
0,W,0x8000f400,4,20
0,W,0x8000f440,4,20
0,W,0x8000f480,4,20
0,W,0x8000f4c0,4,20
0,W,0x8000f500,4,20
0,W,0x8000f540,4,20
0,W,0x8000f580,4,20
0,W,0x8000f5c0,4,20
0,W,0x8000f600,4,20
0,W,0x8000f640,4,20
0,W,0x8000f680,4,20
0,W,0x8000f6c0,4,20
0,W,0x8000f700,4,20
0,W,0x8000f740,4,20
0,W,0x8000f780,4,20
0,W,0x8000f7c0,4,20
0,W,0x8000f800,4,20
0,W,0x8000f840,4,20
0,W,0x8000f880,4,20
0,W,0x8000f8c0,4,20
0,W,0x8000f900,4,20
0,W,0x8000f940,4,20
0,W,0x8000f980,4,20
0,W,0x8000f9c0,4,20
0,W,0x8000fa00,4,20
0,W,0x8000fa40,4,20
0,W,0x8000fa80,4,20
0,W,0x8000fac0,4,20
0,W,0x8000fb00,4,20
0,W,0x8000fb40,4,20
0,W,0x8000fb80,4,20
0,W,0x8000fbc0,4,20
0,W,0x8000fc00,4,20
0,W,0x8000fc40,4,20
0,W,0x8000fc80,4,20
0,W,0x8000fcc0,4,20
0,W,0x8000fd00,4,20
0,W,0x8000fd40,4,20
0,W,0x8000fd80,4,20
0,W,0x8000fdc0,4,20
0,W,0x8000fe00,4,20
0,W,0x8000fe40,4,20
0,W,0x8000fe80,4,20
0,W,0x8000fec0,4,20
0,W,0x8000ff00,4,20
0,W,0x8000ff40,4,20
0,W,0x8000ff80,4,20
0,W,0x8000ffc0,4,20
0,W,0x80010000,4,20
0,W,0x80010040,4,20
0,W,0x80010080,4,20
0,W,0x800100c0,4,20
0,W,0x80010100,4,20
0,W,0x80010140,4,20
0,W,0x80010180,4,20
0,W,0x800101c0,4,20
0,W,0x80010200,4,20
0,W,0x80010240,4,20
0,W,0x80010280,4,20
0,W,0x800102c0,4,20
0,W,0x80010300,4,20
0,W,0x80010340,4,20
0,W,0x80010380,4,20
0,W,0x800103c0,4,20
0,W,0x80010400,4,20
0,W,0x80010440,4,20
0,W,0x80010480,4,20
0,W,0x800104c0,4,20
0,W,0x80010500,4,20
0,W,0x80010540,4,20
0,W,0x80010580,4,20
0,W,0x800105c0,4,20
0,W,0x80010600,4,20
0,W,0x80010640,4,20
0,W,0x80010680,4,20
0,W,0x800106c0,4,20
0,W,0x80010700,4,20
0,W,0x80010740,4,20
0,W,0x80010780,4,20
0,W,0x800107c0,4,20
0,W,0x80010800,4,20
0,W,0x80010840,4,20
0,W,0x80010880,4,20
0,W,0x800108c0,4,20
0,W,0x80010900,4,20
0,W,0x80010940,4,20
0,W,0x80010980,4,20
0,W,0x800109c0,4,20
0,W,0x80010a00,4,20
0,W,0x80010a40,4,20
0,W,0x80010a80,4,20
0,W,0x80010ac0,4,20
0,W,0x80010b00,4,20
0,W,0x80010b40,4,20
0,W,0x80010b80,4,20
0,W,0x80010bc0,4,20
0,W,0x80010c00,4,20
0,W,0x80010c40,4,20
0,W,0x80010c80,4,20
0,W,0x80010cc0,4,20
0,W,0x80010d00,4,20
0,W,0x80010d40,4,20
0,W,0x80010d80,4,20
0,W,0x80010dc0,4,20
0,W,0x80010e00,4,20
0,W,0x80010e40,4,20
0,W,0x80010e80,4,20
0,W,0x80010ec0,4,20
0,W,0x80010f00,4,20
0,W,0x80010f40,4,20
0,W,0x80010f80,4,20
0,W,0x80010fc0,4,20
0,W,0x80011000,4,20
0,W,0x80011040,4,20
0,W,0x80011080,4,20
0,W,0x800110c0,4,20
0,W,0x80011100,4,20
0,W,0x80011140,4,20
0,W,0x80011180,4,20
0,W,0x800111c0,4,20
0,W,0x80011200,4,20
0,W,0x80011240,4,20
0,W,0x80011280,4,20
0,W,0x800112c0,4,20
0,W,0x80011300,4,20
0,W,0x80011340,4,20
0,W,0x80011380,4,20
0,W,0x800113c0,4,20
0,W,0x80011400,4,20
0,W,0x80011440,4,20
0,W,0x80011480,4,20
0,W,0x800114c0,4,20
0,W,0x80011500,4,20
0,W,0x80011540,4,20
0,W,0x80011580,4,20
0,W,0x800115c0,4,20
0,W,0x80011600,4,20
0,W,0x80011640,4,20
0,W,0x80011680,4,20
0,W,0x800116c0,4,20
0,W,0x80011700,4,20
0,W,0x80011740,4,20
0,W,0x80011780,4,20
0,W,0x800117c0,4,20
0,W,0x80011800,4,20
0,W,0x80011840,4,20
0,W,0x80011880,4,20
0,W,0x800118c0,4,20
0,W,0x80011900,4,20
0,W,0x80011940,4,20
0,W,0x80011980,4,20
0,W,0x800119c0,4,20
0,W,0x80011a00,4,20
0,W,0x80011a40,4,20
0,W,0x80011a80,4,20
0,W,0x80011ac0,4,20
0,W,0x80011b00,4,20
0,W,0x80011b40,4,20
0,W,0x80011b80,4,20
0,W,0x80011bc0,4,20
0,W,0x80011c00,4,20
0,W,0x80011c40,4,20
0,W,0x80011c80,4,20
0,W,0x80011cc0,4,20
0,W,0x80011d00,4,20
0,W,0x80011d40,4,20
0,W,0x80011d80,4,20
0,W,0x80011dc0,4,20
0,W,0x80011e00,4,20
0,W,0x80011e40,4,20
0,W,0x80011e80,4,20
0,W,0x80011ec0,4,20
0,W,0x80011f00,4,20
0,W,0x80011f40,4,20
0,W,0x80011f80,4,20
0,W,0x80011fc0,4,20
0,W,0x80012000,4,20
0,W,0x80012040,4,20
0,W,0x80012080,4,20
0,W,0x800120c0,4,20
0,W,0x80012100,4,20
0,W,0x80012140,4,20
0,W,0x80012180,4,20
0,W,0x800121c0,4,20
0,W,0x80012200,4,20
0,W,0x80012240,4,20
0,W,0x80012280,4,20
0,W,0x800122c0,4,20
0,W,0x80012300,4,20
0,W,0x80012340,4,20
0,W,0x80012380,4,20
0,W,0x800123c0,4,20
0,W,0x80012400,4,20
0,W,0x80012440,4,20
0,W,0x80012480,4,20
0,W,0x800124c0,4,20
0,W,0x80012500,4,20
0,W,0x80012540,4,20
0,W,0x80012580,4,20
0,W,0x800125c0,4,20
0,W,0x80012600,4,20
0,W,0x80012640,4,20
0,W,0x80012680,4,20
0,W,0x800126c0,4,20
0,W,0x80012700,4,20
0,W,0x80012740,4,20
0,W,0x80012780,4,20
0,W,0x800127c0,4,20
0,W,0x80012800,4,20
0,W,0x80012840,4,20
0,W,0x80012880,4,20
0,W,0x800128c0,4,20
0,W,0x80012900,4,20
0,W,0x80012940,4,20
0,W,0x80012980,4,20
0,W,0x800129c0,4,20
0,W,0x80012a00,4,20
0,W,0x80012a40,4,20
0,W,0x80012a80,4,20
0,W,0x80012ac0,4,20
0,W,0x80012b00,4,20
0,W,0x80012b40,4,20
0,W,0x80012b80,4,20
0,W,0x80012bc0,4,20
0,W,0x80012c00,4,20
0,W,0x80012c40,4,20
0,W,0x80012c80,4,20
0,W,0x80012cc0,4,20
0,W,0x80012d00,4,20
0,W,0x80012d40,4,20
0,W,0x80012d80,4,20
0,W,0x80012dc0,4,20
0,W,0x80012e00,4,20
0,W,0x80012e40,4,20
0,W,0x80012e80,4,20
0,W,0x80012ec0,4,20
0,W,0x80012f00,4,20
0,W,0x80012f40,4,20
0,W,0x80012f80,4,20
0,W,0x80012fc0,4,20
0,W,0x80013000,4,20
0,W,0x80013040,4,20
0,W,0x80013080,4,20
0,W,0x800130c0,4,20
0,W,0x80013100,4,20
0,W,0x80013140,4,20
0,W,0x80013180,4,20
0,W,0x800131c0,4,20
0,W,0x80013200,4,20
0,W,0x80013240,4,20
0,W,0x80013280,4,20
0,W,0x800132c0,4,20
0,W,0x80013300,4,20
0,W,0x80013340,4,20
0,W,0x80013380,4,20
0,W,0x800133c0,4,20
0,W,0x80013400,4,20
0,W,0x80013440,4,20
0,W,0x80013480,4,20
0,W,0x800134c0,4,20
0,W,0x80013500,4,20
0,W,0x80013540,4,20
0,W,0x80013580,4,20
0,W,0x800135c0,4,20
0,W,0x80013600,4,20
0,W,0x80013640,4,20
0,W,0x80013680,4,20
0,W,0x800136c0,4,20
0,W,0x80013700,4,20
0,W,0x80013740,4,20
0,W,0x80013780,4,20
0,W,0x800137c0,4,20
0,W,0x80013800,4,20
0,W,0x80013840,4,20
0,W,0x80013880,4,20
0,W,0x800138c0,4,20
0,W,0x80013900,4,20
0,W,0x80013940,4,20
0,W,0x80013980,4,20
0,W,0x800139c0,4,20
0,W,0x80013a00,4,20
0,W,0x80013a40,4,20
0,W,0x80013a80,4,20
0,W,0x80013ac0,4,20
0,W,0x80013b00,4,20
0,W,0x80013b40,4,20
0,W,0x80013b80,4,20
0,W,0x80013bc0,4,20
0,W,0x80013c00,4,20
0,W,0x80013c40,4,20
0,W,0x80013c80,4,20
0,W,0x80013cc0,4,20
0,W,0x80013d00,4,20
0,W,0x80013d40,4,20
0,W,0x80013d80,4,20
0,W,0x80013dc0,4,20
0,W,0x80013e00,4,20
0,W,0x80013e40,4,20
0,W,0x80013e80,4,20
0,W,0x80013ec0,4,20
0,W,0x80013f00,4,20
0,W,0x80013f40,4,20
0,W,0x80013f80,4,20
0,W,0x80013fc0,4,20
0,W,0x80014000,4,20
0,W,0x80014040,4,20
0,W,0x80014080,4,20
0,W,0x800140c0,4,20
0,W,0x80014100,4,20
0,W,0x80014140,4,20
0,W,0x80014180,4,20
0,W,0x800141c0,4,20
0,W,0x80014200,4,20
0,W,0x80014240,4,20
0,W,0x80014280,4,20
0,W,0x800142c0,4,20
0,W,0x80014300,4,20
0,W,0x80014340,4,20
0,W,0x80014380,4,20
0,W,0x800143c0,4,20
0,W,0x80014400,4,20
0,W,0x80014440,4,20
0,W,0x80014480,4,20
0,W,0x800144c0,4,20
0,W,0x80014500,4,20
0,W,0x80014540,4,20
0,W,0x80014580,4,20
0,W,0x800145c0,4,20
0,W,0x80014600,4,20
0,W,0x80014640,4,20
0,W,0x80014680,4,20
0,W,0x800146c0,4,20
0,W,0x80014700,4,20
0,W,0x80014740,4,20
0,W,0x80014780,4,20
0,W,0x800147c0,4,20
0,W,0x80014800,4,20
0,W,0x80014840,4,20
0,W,0x80014880,4,20
0,W,0x800148c0,4,20
0,W,0x80014900,4,20
0,W,0x80014940,4,20
0,W,0x80014980,4,20
0,W,0x800149c0,4,20
0,W,0x80014a00,4,20
0,W,0x80014a40,4,20
0,W,0x80014a80,4,20
0,W,0x80014ac0,4,20
0,W,0x80014b00,4,20
0,W,0x80014b40,4,20
0,W,0x80014b80,4,20
0,W,0x80014bc0,4,20
0,W,0x80014c00,4,20
0,W,0x80014c40,4,20
0,W,0x80014c80,4,20
0,W,0x80014cc0,4,20
0,W,0x80014d00,4,20
0,W,0x80014d40,4,20
0,W,0x80014d80,4,20
0,W,0x80014dc0,4,20
0,W,0x80014e00,4,20
0,W,0x80014e40,4,20
0,W,0x80014e80,4,20
0,W,0x80014ec0,4,20
0,W,0x80014f00,4,20
0,W,0x80014f40,4,20
0,W,0x80014f80,4,20
0,W,0x80014fc0,4,20
0,W,0x80015000,4,20
0,W,0x80015040,4,20
0,W,0x80015080,4,20
0,W,0x800150c0,4,20
0,W,0x80015100,4,20
0,W,0x80015140,4,20
0,W,0x80015180,4,20
0,W,0x800151c0,4,20
0,W,0x80015200,4,20
0,W,0x80015240,4,20
0,W,0x80015280,4,20
0,W,0x800152c0,4,20
0,W,0x80015300,4,20
0,W,0x80015340,4,20
0,W,0x80015380,4,20
0,W,0x800153c0,4,20
0,W,0x80015400,4,20
0,W,0x80015440,4,20
0,W,0x80015480,4,20
0,W,0x800154c0,4,20
0,W,0x80015500,4,20
0,W,0x80015540,4,20
0,W,0x80015580,4,20
0,W,0x800155c0,4,20
0,W,0x80015600,4,20
0,W,0x80015640,4,20
0,W,0x80015680,4,20
0,W,0x800156c0,4,20
0,W,0x80015700,4,20
0,W,0x80015740,4,20
0,W,0x80015780,4,20
0,W,0x800157c0,4,20
0,W,0x80015800,4,20
0,W,0x80015840,4,20
0,W,0x80015880,4,20
0,W,0x800158c0,4,20
0,W,0x80015900,4,20
0,W,0x80015940,4,20
0,W,0x80015980,4,20
0,W,0x800159c0,4,20
0,W,0x80015a00,4,20
0,W,0x80015a40,4,20
0,W,0x80015a80,4,20
0,W,0x80015ac0,4,20
0,W,0x80015b00,4,20
0,W,0x80015b40,4,20
0,W,0x80015b80,4,20
0,W,0x80015bc0,4,20
0,W,0x80015c00,4,20
0,W,0x80015c40,4,20
0,W,0x80015c80,4,20
0,W,0x80015cc0,4,20
0,W,0x80015d00,4,20
0,W,0x80015d40,4,20
0,W,0x80015d80,4,20
0,W,0x80015dc0,4,20
0,W,0x80015e00,4,20
0,W,0x80015e40,4,20
0,W,0x80015e80,4,20
0,W,0x80015ec0,4,20
0,W,0x80015f00,4,20
0,W,0x80015f40,4,20
0,W,0x80015f80,4,20
0,W,0x80015fc0,4,20
0,W,0x80016000,4,20
0,W,0x80016040,4,20
0,W,0x80016080,4,20
0,W,0x800160c0,4,20
0,W,0x80016100,4,20
0,W,0x80016140,4,20
0,W,0x80016180,4,20
0,W,0x800161c0,4,20
0,W,0x80016200,4,20
0,W,0x80016240,4,20
0,W,0x80016280,4,20
0,W,0x800162c0,4,20
0,W,0x80016300,4,20
0,W,0x80016340,4,20
0,W,0x80016380,4,20
0,W,0x800163c0,4,20
0,W,0x80016400,4,20
0,W,0x80016440,4,20
0,W,0x80016480,4,20
0,W,0x800164c0,4,20
0,W,0x80016500,4,20
0,W,0x80016540,4,20
0,W,0x80016580,4,20
0,W,0x800165c0,4,20
0,W,0x80016600,4,20
0,W,0x80016640,4,20
0,W,0x80016680,4,20
0,W,0x800166c0,4,20
0,W,0x80016700,4,20
0,W,0x80016740,4,20
0,W,0x80016780,4,20
0,W,0x800167c0,4,20
0,W,0x80016800,4,20
0,W,0x80016840,4,20
0,W,0x80016880,4,20
0,W,0x800168c0,4,20
0,W,0x80016900,4,20
0,W,0x80016940,4,20
0,W,0x80016980,4,20
0,W,0x800169c0,4,20
0,W,0x80016a00,4,20
0,W,0x80016a40,4,20
0,W,0x80016a80,4,20
0,W,0x80016ac0,4,20
0,W,0x80016b00,4,20
0,W,0x80016b40,4,20
0,W,0x80016b80,4,20
0,W,0x80016bc0,4,20
0,W,0x80016c00,4,20
0,W,0x80016c40,4,20
0,W,0x80016c80,4,20
0,W,0x80016cc0,4,20
0,W,0x80016d00,4,20
0,W,0x80016d40,4,20
0,W,0x80016d80,4,20
0,W,0x80016dc0,4,20
0,W,0x80016e00,4,20
0,W,0x80016e40,4,20
0,W,0x80016e80,4,20
0,W,0x80016ec0,4,20
0,W,0x80016f00,4,20
0,W,0x80016f40,4,20
0,W,0x80016f80,4,20
0,W,0x80016fc0,4,20
0,W,0x80017000,4,20
0,W,0x80017040,4,20
0,W,0x80017080,4,20
0,W,0x800170c0,4,20
0,W,0x80017100,4,20
0,W,0x80017140,4,20
0,W,0x80017180,4,20
0,W,0x800171c0,4,20
0,W,0x80017200,4,20
0,W,0x80017240,4,20
0,W,0x80017280,4,20
0,W,0x800172c0,4,20
0,W,0x80017300,4,20
0,W,0x80017340,4,20
0,W,0x80017380,4,20
0,W,0x800173c0,4,20
0,W,0x80017400,4,20
0,W,0x80017440,4,20
0,W,0x80017480,4,20
0,W,0x800174c0,4,20
0,W,0x80017500,4,20
0,W,0x80017540,4,20
0,W,0x80017580,4,20
0,W,0x800175c0,4,20
0,W,0x80017600,4,20
0,W,0x80017640,4,20
0,W,0x80017680,4,20
0,W,0x800176c0,4,20
0,W,0x80017700,4,20
0,W,0x80017740,4,20
0,W,0x80017780,4,20
0,W,0x800177c0,4,20
0,W,0x80017800,4,20
0,W,0x80017840,4,20
0,W,0x80017880,4,20
0,W,0x800178c0,4,20
0,W,0x80017900,4,20
0,W,0x80017940,4,20
0,W,0x80017980,4,20
0,W,0x800179c0,4,20
0,W,0x80017a00,4,20
0,W,0x80017a40,4,20
0,W,0x80017a80,4,20
0,W,0x80017ac0,4,20
0,W,0x80017b00,4,20
0,W,0x80017b40,4,20
0,W,0x80017b80,4,20
0,W,0x80017bc0,4,20
0,W,0x80017c00,4,20
0,W,0x80017c40,4,20
0,W,0x80017c80,4,20
0,W,0x80017cc0,4,20
0,W,0x80017d00,4,20
0,W,0x80017d40,4,20
0,W,0x80017d80,4,20
0,W,0x80017dc0,4,20
0,W,0x80017e00,4,20
0,W,0x80017e40,4,20
0,W,0x80017e80,4,20
0,W,0x80017ec0,4,20
0,W,0x80017f00,4,20
0,W,0x80017f40,4,20
0,W,0x80017f80,4,20
0,W,0x80017fc0,4,20
0,W,0x80018000,4,20
0,W,0x80018040,4,20
0,W,0x80018080,4,20
0,W,0x800180c0,4,20
0,W,0x80018100,4,20
0,W,0x80018140,4,20
0,W,0x80018180,4,20
0,W,0x800181c0,4,20
0,W,0x80018200,4,20
0,W,0x80018240,4,20
0,W,0x80018280,4,20
0,W,0x800182c0,4,20
0,W,0x80018300,4,20
0,W,0x80018340,4,20
0,W,0x80018380,4,20
0,W,0x800183c0,4,20
0,W,0x80018400,4,20
0,W,0x80018440,4,20
0,W,0x80018480,4,20
0,W,0x800184c0,4,20
0,W,0x80018500,4,20
0,W,0x80018540,4,20
0,W,0x80018580,4,20
0,W,0x800185c0,4,20
0,W,0x80018600,4,20
0,W,0x80018640,4,20
0,W,0x80018680,4,20
0,W,0x800186c0,4,20
0,W,0x80018700,4,20
0,W,0x80018740,4,20
0,W,0x80018780,4,20
0,W,0x800187c0,4,20
0,W,0x80018800,4,20
0,W,0x80018840,4,20
0,W,0x80018880,4,20
0,W,0x800188c0,4,20
0,W,0x80018900,4,20
0,W,0x80018940,4,20
0,W,0x80018980,4,20
0,W,0x800189c0,4,20
0,W,0x80018a00,4,20
0,W,0x80018a40,4,20
0,W,0x80018a80,4,20
0,W,0x80018ac0,4,20
0,W,0x80018b00,4,20
0,W,0x80018b40,4,20
0,W,0x80018b80,4,20
0,W,0x80018bc0,4,20
0,W,0x80018c00,4,20
0,W,0x80018c40,4,20
0,W,0x80018c80,4,20
0,W,0x80018cc0,4,20
0,W,0x80018d00,4,20
0,W,0x80018d40,4,20
0,W,0x80018d80,4,20
0,W,0x80018dc0,4,20
0,W,0x80018e00,4,20
0,W,0x80018e40,4,20
0,W,0x80018e80,4,20
0,W,0x80018ec0,4,20
0,W,0x80018f00,4,20
0,W,0x80018f40,4,20
0,W,0x80018f80,4,20
0,W,0x80018fc0,4,20
0,W,0x80019000,4,20
0,W,0x80019040,4,20
0,W,0x80019080,4,20
0,W,0x800190c0,4,20
0,W,0x80019100,4,20
0,W,0x80019140,4,20
0,W,0x80019180,4,20
0,W,0x800191c0,4,20
0,W,0x80019200,4,20
0,W,0x80019240,4,20
0,W,0x80019280,4,20
0,W,0x800192c0,4,20
0,W,0x80019300,4,20
0,W,0x80019340,4,20
0,W,0x80019380,4,20
0,W,0x800193c0,4,20
0,W,0x80019400,4,20
0,W,0x80019440,4,20
0,W,0x80019480,4,20
0,W,0x800194c0,4,20
0,W,0x80019500,4,20
0,W,0x80019540,4,20
0,W,0x80019580,4,20
0,W,0x800195c0,4,20
0,W,0x80019600,4,20
0,W,0x80019640,4,20
0,W,0x80019680,4,20
0,W,0x800196c0,4,20
0,W,0x80019700,4,20
0,W,0x80019740,4,20
0,W,0x80019780,4,20
0,W,0x800197c0,4,20
0,W,0x80019800,4,20
0,W,0x80019840,4,20
0,W,0x80019880,4,20
0,W,0x800198c0,4,20
0,W,0x80019900,4,20
0,W,0x80019940,4,20
0,W,0x80019980,4,20
0,W,0x800199c0,4,20
0,W,0x80019a00,4,20
0,W,0x80019a40,4,20
0,W,0x80019a80,4,20
0,W,0x80019ac0,4,20
0,W,0x80019b00,4,20
0,W,0x80019b40,4,20
0,W,0x80019b80,4,20
0,W,0x80019bc0,4,20
0,W,0x80019c00,4,20
0,W,0x80019c40,4,20
0,W,0x80019c80,4,20
0,W,0x80019cc0,4,20
0,W,0x80019d00,4,20
0,W,0x80019d40,4,20
0,W,0x80019d80,4,20
0,W,0x80019dc0,4,20
0,W,0x80019e00,4,20
0,W,0x80019e40,4,20
0,W,0x80019e80,4,20
0,W,0x80019ec0,4,20
0,W,0x80019f00,4,20
0,W,0x80019f40,4,20
0,W,0x80019f80,4,20
0,W,0x80019fc0,4,20
0,W,0x8001a000,4,20
0,W,0x8001a040,4,20
0,W,0x8001a080,4,20
0,W,0x8001a0c0,4,20
0,W,0x8001a100,4,20
0,W,0x8001a140,4,20
0,W,0x8001a180,4,20
0,W,0x8001a1c0,4,20
0,W,0x8001a200,4,20
0,W,0x8001a240,4,20
0,W,0x8001a280,4,20
0,W,0x8001a2c0,4,20
0,W,0x8001a300,4,20
0,W,0x8001a340,4,20
0,W,0x8001a380,4,20
0,W,0x8001a3c0,4,20
0,W,0x8001a400,4,20
0,W,0x8001a440,4,20
0,W,0x8001a480,4,20
0,W,0x8001a4c0,4,20
0,W,0x8001a500,4,20
0,W,0x8001a540,4,20
0,W,0x8001a580,4,20
0,W,0x8001a5c0,4,20
0,W,0x8001a600,4,20
0,W,0x8001a640,4,20
0,W,0x8001a680,4,20
0,W,0x8001a6c0,4,20
0,W,0x8001a700,4,20
0,W,0x8001a740,4,20
0,W,0x8001a780,4,20
0,W,0x8001a7c0,4,20
0,W,0x8001a800,4,20
0,W,0x8001a840,4,20
0,W,0x8001a880,4,20
0,W,0x8001a8c0,4,20
0,W,0x8001a900,4,20
0,W,0x8001a940,4,20
0,W,0x8001a980,4,20
0,W,0x8001a9c0,4,20
0,W,0x8001aa00,4,20
0,W,0x8001aa40,4,20
0,W,0x8001aa80,4,20
0,W,0x8001aac0,4,20
0,W,0x8001ab00,4,20
0,W,0x8001ab40,4,20
0,W,0x8001ab80,4,20
0,W,0x8001abc0,4,20
0,W,0x8001ac00,4,20
0,W,0x8001ac40,4,20
0,W,0x8001ac80,4,20
0,W,0x8001acc0,4,20
0,W,0x8001ad00,4,20
0,W,0x8001ad40,4,20
0,W,0x8001ad80,4,20
0,W,0x8001adc0,4,20
0,W,0x8001ae00,4,20
0,W,0x8001ae40,4,20
0,W,0x8001ae80,4,20
0,W,0x8001aec0,4,20
0,W,0x8001af00,4,20
0,W,0x8001af40,4,20
0,W,0x8001af80,4,20
0,W,0x8001afc0,4,20
0,W,0x8001b000,4,20
0,W,0x8001b040,4,20
0,W,0x8001b080,4,20
0,W,0x8001b0c0,4,20
0,W,0x8001b100,4,20
0,W,0x8001b140,4,20
0,W,0x8001b180,4,20
0,W,0x8001b1c0,4,20
0,W,0x8001b200,4,20
0,W,0x8001b240,4,20
0,W,0x8001b280,4,20
0,W,0x8001b2c0,4,20
0,W,0x8001b300,4,20
0,W,0x8001b340,4,20
0,W,0x8001b380,4,20
0,W,0x8001b3c0,4,20
0,W,0x8001b400,4,20
0,W,0x8001b440,4,20
0,W,0x8001b480,4,20
0,W,0x8001b4c0,4,20
0,W,0x8001b500,4,20
0,W,0x8001b540,4,20
0,W,0x8001b580,4,20
0,W,0x8001b5c0,4,20
0,W,0x8001b600,4,20
0,W,0x8001b640,4,20
0,W,0x8001b680,4,20
0,W,0x8001b6c0,4,20
0,W,0x8001b700,4,20
0,W,0x8001b740,4,20
0,W,0x8001b780,4,20
0,W,0x8001b7c0,4,20
0,W,0x8001b800,4,20
0,W,0x8001b840,4,20
0,W,0x8001b880,4,20
0,W,0x8001b8c0,4,20
0,W,0x8001b900,4,20
0,W,0x8001b940,4,20
0,W,0x8001b980,4,20
0,W,0x8001b9c0,4,20
0,W,0x8001ba00,4,20
0,W,0x8001ba40,4,20
0,W,0x8001ba80,4,20
0,W,0x8001bac0,4,20
0,W,0x8001bb00,4,20
0,W,0x8001bb40,4,20
0,W,0x8001bb80,4,20
0,W,0x8001bbc0,4,20
0,W,0x8001bc00,4,20
0,W,0x8001bc40,4,20
0,W,0x8001bc80,4,20
0,W,0x8001bcc0,4,20
0,W,0x8001bd00,4,20
0,W,0x8001bd40,4,20
0,W,0x8001bd80,4,20
0,W,0x8001bdc0,4,20
0,W,0x8001be00,4,20
0,W,0x8001be40,4,20
0,W,0x8001be80,4,20
0,W,0x8001bec0,4,20
0,W,0x8001bf00,4,20
0,W,0x8001bf40,4,20
0,W,0x8001bf80,4,20
0,W,0x8001bfc0,4,20
0,W,0x8001c000,4,20
0,W,0x8001c040,4,20
0,W,0x8001c080,4,20
0,W,0x8001c0c0,4,20
0,W,0x8001c100,4,20
0,W,0x8001c140,4,20
0,W,0x8001c180,4,20
0,W,0x8001c1c0,4,20
0,W,0x8001c200,4,20
0,W,0x8001c240,4,20
0,W,0x8001c280,4,20
0,W,0x8001c2c0,4,20
0,W,0x8001c300,4,20
0,W,0x8001c340,4,20
0,W,0x8001c380,4,20
0,W,0x8001c3c0,4,20
0,W,0x8001c400,4,20
0,W,0x8001c440,4,20
0,W,0x8001c480,4,20
0,W,0x8001c4c0,4,20
0,W,0x8001c500,4,20
0,W,0x8001c540,4,20
0,W,0x8001c580,4,20
0,W,0x8001c5c0,4,20
0,W,0x8001c600,4,20
0,W,0x8001c640,4,20
0,W,0x8001c680,4,20
0,W,0x8001c6c0,4,20
0,W,0x8001c700,4,20
0,W,0x8001c740,4,20
0,W,0x8001c780,4,20
0,W,0x8001c7c0,4,20
0,W,0x8001c800,4,20
0,W,0x8001c840,4,20
0,W,0x8001c880,4,20
0,W,0x8001c8c0,4,20
0,W,0x8001c900,4,20
0,W,0x8001c940,4,20
0,W,0x8001c980,4,20
0,W,0x8001c9c0,4,20
0,W,0x8001ca00,4,20
0,W,0x8001ca40,4,20
0,W,0x8001ca80,4,20
0,W,0x8001cac0,4,20
0,W,0x8001cb00,4,20
0,W,0x8001cb40,4,20
0,W,0x8001cb80,4,20
0,W,0x8001cbc0,4,20
0,W,0x8001cc00,4,20
0,W,0x8001cc40,4,20
0,W,0x8001cc80,4,20
0,W,0x8001ccc0,4,20
0,W,0x8001cd00,4,20
0,W,0x8001cd40,4,20
0,W,0x8001cd80,4,20
0,W,0x8001cdc0,4,20
0,W,0x8001ce00,4,20
0,W,0x8001ce40,4,20
0,W,0x8001ce80,4,20
0,W,0x8001cec0,4,20
0,W,0x8001cf00,4,20
0,W,0x8001cf40,4,20
0,W,0x8001cf80,4,20
0,W,0x8001cfc0,4,20
0,W,0x8001d000,4,20
0,W,0x8001d040,4,20
0,W,0x8001d080,4,20
0,W,0x8001d0c0,4,20
0,W,0x8001d100,4,20
0,W,0x8001d140,4,20
0,W,0x8001d180,4,20
0,W,0x8001d1c0,4,20
0,W,0x8001d200,4,20
0,W,0x8001d240,4,20
0,W,0x8001d280,4,20
0,W,0x8001d2c0,4,20
0,W,0x8001d300,4,20
0,W,0x8001d340,4,20
0,W,0x8001d380,4,20
0,W,0x8001d3c0,4,20
0,W,0x8001d400,4,20
0,W,0x8001d440,4,20
0,W,0x8001d480,4,20
0,W,0x8001d4c0,4,20
0,W,0x8001d500,4,20
0,W,0x8001d540,4,20
0,W,0x8001d580,4,20
0,W,0x8001d5c0,4,20
0,W,0x8001d600,4,20
0,W,0x8001d640,4,20
0,W,0x8001d680,4,20
0,W,0x8001d6c0,4,20
0,W,0x8001d700,4,20
0,W,0x8001d740,4,20
0,W,0x8001d780,4,20
0,W,0x8001d7c0,4,20
0,W,0x8001d800,4,20
0,W,0x8001d840,4,20
0,W,0x8001d880,4,20
0,W,0x8001d8c0,4,20
0,W,0x8001d900,4,20
0,W,0x8001d940,4,20
0,W,0x8001d980,4,20
0,W,0x8001d9c0,4,20
0,W,0x8001da00,4,20
0,W,0x8001da40,4,20
0,W,0x8001da80,4,20
0,W,0x8001dac0,4,20
0,W,0x8001db00,4,20
0,W,0x8001db40,4,20
0,W,0x8001db80,4,20
0,W,0x8001dbc0,4,20
0,W,0x8001dc00,4,20
0,W,0x8001dc40,4,20
0,W,0x8001dc80,4,20
0,W,0x8001dcc0,4,20
0,W,0x8001dd00,4,20
0,W,0x8001dd40,4,20
0,W,0x8001dd80,4,20
0,W,0x8001ddc0,4,20
0,W,0x8001de00,4,20
0,W,0x8001de40,4,20
0,W,0x8001de80,4,20
0,W,0x8001dec0,4,20
0,W,0x8001df00,4,20
0,W,0x8001df40,4,20
0,W,0x8001df80,4,20
0,W,0x8001dfc0,4,20
0,W,0x8001e000,4,20
0,W,0x8001e040,4,20
0,W,0x8001e080,4,20
0,W,0x8001e0c0,4,20
0,W,0x8001e100,4,20
0,W,0x8001e140,4,20
0,W,0x8001e180,4,20
0,W,0x8001e1c0,4,20
0,W,0x8001e200,4,20
0,W,0x8001e240,4,20
0,W,0x8001e280,4,20
0,W,0x8001e2c0,4,20
0,W,0x8001e300,4,20
0,W,0x8001e340,4,20
0,W,0x8001e380,4,20
0,W,0x8001e3c0,4,20
0,W,0x8001e400,4,20
0,W,0x8001e440,4,20
0,W,0x8001e480,4,20
0,W,0x8001e4c0,4,20
0,W,0x8001e500,4,20
0,W,0x8001e540,4,20
0,W,0x8001e580,4,20
0,W,0x8001e5c0,4,20
0,W,0x8001e600,4,20
0,W,0x8001e640,4,20
0,W,0x8001e680,4,20
0,W,0x8001e6c0,4,20
0,W,0x8001e700,4,20
0,W,0x8001e740,4,20
0,W,0x8001e780,4,20
0,W,0x8001e7c0,4,20
0,W,0x8001e800,4,20
0,W,0x8001e840,4,20
0,W,0x8001e880,4,20
0,W,0x8001e8c0,4,20
0,W,0x8001e900,4,20
0,W,0x8001e940,4,20
0,W,0x8001e980,4,20
0,W,0x8001e9c0,4,20
0,W,0x8001ea00,4,20
0,W,0x8001ea40,4,20
0,W,0x8001ea80,4,20
0,W,0x8001eac0,4,20
0,W,0x8001eb00,4,20
0,W,0x8001eb40,4,20
0,W,0x8001eb80,4,20
0,W,0x8001ebc0,4,20
0,W,0x8001ec00,4,20
0,W,0x8001ec40,4,20
0,W,0x8001ec80,4,20
0,W,0x8001ecc0,4,20
0,W,0x8001ed00,4,20
0,W,0x8001ed40,4,20
0,W,0x8001ed80,4,20
0,W,0x8001edc0,4,20
0,W,0x8001ee00,4,20
0,W,0x8001ee40,4,20
0,W,0x8001ee80,4,20
0,W,0x8001eec0,4,20
0,W,0x8001ef00,4,20
0,W,0x8001ef40,4,20
0,W,0x8001ef80,4,20
0,W,0x8001efc0,4,20
0,W,0x8001f000,4,20
0,W,0x8001f040,4,20
0,W,0x8001f080,4,20
0,W,0x8001f0c0,4,20
0,W,0x8001f100,4,20
0,W,0x8001f140,4,20
0,W,0x8001f180,4,20
0,W,0x8001f1c0,4,20
0,W,0x8001f200,4,20
0,W,0x8001f240,4,20
0,W,0x8001f280,4,20
0,W,0x8001f2c0,4,20
0,W,0x8001f300,4,20
0,W,0x8001f340,4,20
0,W,0x8001f380,4,20
0,W,0x8001f3c0,4,20
0,W,0x8001f400,4,20
0,W,0x8001f440,4,20
0,W,0x8001f480,4,20
0,W,0x8001f4c0,4,20
0,W,0x8001f500,4,20
0,W,0x8001f540,4,20
0,W,0x8001f580,4,20
0,W,0x8001f5c0,4,20
0,W,0x8001f600,4,20
0,W,0x8001f640,4,20
0,W,0x8001f680,4,20
0,W,0x8001f6c0,4,20
0,W,0x8001f700,4,20
0,W,0x8001f740,4,20
0,W,0x8001f780,4,20
0,W,0x8001f7c0,4,20
0,W,0x8001f800,4,20
0,W,0x8001f840,4,20
0,W,0x8001f880,4,20
0,W,0x8001f8c0,4,20
0,W,0x8001f900,4,20
0,W,0x8001f940,4,20
0,W,0x8001f980,4,20
0,W,0x8001f9c0,4,20
0,W,0x8001fa00,4,20
0,W,0x8001fa40,4,20
0,W,0x8001fa80,4,20
0,W,0x8001fac0,4,20
0,W,0x8001fb00,4,20
0,W,0x8001fb40,4,20
0,W,0x8001fb80,4,20
0,W,0x8001fbc0,4,20
0,W,0x8001fc00,4,20
0,W,0x8001fc40,4,20
0,W,0x8001fc80,4,20
0,W,0x8001fcc0,4,20
0,W,0x8001fd00,4,20
0,W,0x8001fd40,4,20
0,W,0x8001fd80,4,20
0,W,0x8001fdc0,4,20
0,W,0x8001fe00,4,20
0,W,0x8001fe40,4,20
0,W,0x8001fe80,4,20
0,W,0x8001fec0,4,20
0,W,0x8001ff00,4,20
0,W,0x8001ff40,4,20
0,W,0x8001ff80,4,20
0,W,0x8001ffc0,4,20
0,R,0x80000000,4,20
0,R,0x80000040,4,20
0,R,0x80000080,4,20
0,R,0x800000c0,4,20
0,R,0x80000100,4,20
0,R,0x80000140,4,20
0,R,0x80000180,4,20
0,R,0x800001c0,4,20
0,R,0x80000200,4,20
0,R,0x80000240,4,20
0,R,0x80000280,4,20
0,R,0x800002c0,4,20
0,R,0x80000300,4,20
0,R,0x80000340,4,20
0,R,0x80000380,4,20
0,R,0x800003c0,4,20
0,R,0x80000400,4,20
0,R,0x80000440,4,20
0,R,0x80000480,4,20
0,R,0x800004c0,4,20
0,R,0x80000500,4,20
0,R,0x80000540,4,20
0,R,0x80000580,4,20
0,R,0x800005c0,4,20
0,R,0x80000600,4,20
0,R,0x80000640,4,20
0,R,0x80000680,4,20
0,R,0x800006c0,4,20
0,R,0x80000700,4,20
0,R,0x80000740,4,20
0,R,0x80000780,4,20
0,R,0x800007c0,4,20
0,R,0x80000800,4,20
0,R,0x80000840,4,20
0,R,0x80000880,4,20
0,R,0x800008c0,4,20
0,R,0x80000900,4,20
0,R,0x80000940,4,20
0,R,0x80000980,4,20
0,R,0x800009c0,4,20
0,R,0x80000a00,4,20
0,R,0x80000a40,4,20
0,R,0x80000a80,4,20
0,R,0x80000ac0,4,20
0,R,0x80000b00,4,20
0,R,0x80000b40,4,20
0,R,0x80000b80,4,20
0,R,0x80000bc0,4,20
0,R,0x80000c00,4,20
0,R,0x80000c40,4,20
0,R,0x80000c80,4,20
0,R,0x80000cc0,4,20
0,R,0x80000d00,4,20
0,R,0x80000d40,4,20
0,R,0x80000d80,4,20
0,R,0x80000dc0,4,20
0,R,0x80000e00,4,20
0,R,0x80000e40,4,20
0,R,0x80000e80,4,20
0,R,0x80000ec0,4,20
0,R,0x80000f00,4,20
0,R,0x80000f40,4,20
0,R,0x80000f80,4,20
0,R,0x80000fc0,4,20
0,R,0x80001000,4,20
0,R,0x80001040,4,20
0,R,0x80001080,4,20
0,R,0x800010c0,4,20
0,R,0x80001100,4,20
0,R,0x80001140,4,20
0,R,0x80001180,4,20
0,R,0x800011c0,4,20
0,R,0x80001200,4,20
0,R,0x80001240,4,20
0,R,0x80001280,4,20
0,R,0x800012c0,4,20
0,R,0x80001300,4,20
0,R,0x80001340,4,20
0,R,0x80001380,4,20
0,R,0x800013c0,4,20
0,R,0x80001400,4,20
0,R,0x80001440,4,20
0,R,0x80001480,4,20
0,R,0x800014c0,4,20
0,R,0x80001500,4,20
0,R,0x80001540,4,20
0,R,0x80001580,4,20
0,R,0x800015c0,4,20
0,R,0x80001600,4,20
0,R,0x80001640,4,20
0,R,0x80001680,4,20
0,R,0x800016c0,4,20
0,R,0x80001700,4,20
0,R,0x80001740,4,20
0,R,0x80001780,4,20
0,R,0x800017c0,4,20
0,R,0x80001800,4,20
0,R,0x80001840,4,20
0,R,0x80001880,4,20
0,R,0x800018c0,4,20
0,R,0x80001900,4,20
0,R,0x80001940,4,20
0,R,0x80001980,4,20
0,R,0x800019c0,4,20
0,R,0x80001a00,4,20
0,R,0x80001a40,4,20
0,R,0x80001a80,4,20
0,R,0x80001ac0,4,20
0,R,0x80001b00,4,20
0,R,0x80001b40,4,20
0,R,0x80001b80,4,20
0,R,0x80001bc0,4,20
0,R,0x80001c00,4,20
0,R,0x80001c40,4,20
0,R,0x80001c80,4,20
0,R,0x80001cc0,4,20
0,R,0x80001d00,4,20
0,R,0x80001d40,4,20
0,R,0x80001d80,4,20
0,R,0x80001dc0,4,20
0,R,0x80001e00,4,20
0,R,0x80001e40,4,20
0,R,0x80001e80,4,20
0,R,0x80001ec0,4,20
0,R,0x80001f00,4,20
0,R,0x80001f40,4,20
0,R,0x80001f80,4,20
0,R,0x80001fc0,4,20
0,R,0x80002000,4,20
0,R,0x80002040,4,20
0,R,0x80002080,4,20
0,R,0x800020c0,4,20
0,R,0x80002100,4,20
0,R,0x80002140,4,20
0,R,0x80002180,4,20
0,R,0x800021c0,4,20
0,R,0x80002200,4,20
0,R,0x80002240,4,20
0,R,0x80002280,4,20
0,R,0x800022c0,4,20
0,R,0x80002300,4,20
0,R,0x80002340,4,20
0,R,0x80002380,4,20
0,R,0x800023c0,4,20
0,R,0x80002400,4,20
0,R,0x80002440,4,20
0,R,0x80002480,4,20
0,R,0x800024c0,4,20
0,R,0x80002500,4,20
0,R,0x80002540,4,20
0,R,0x80002580,4,20
0,R,0x800025c0,4,20
0,R,0x80002600,4,20
0,R,0x80002640,4,20
0,R,0x80002680,4,20
0,R,0x800026c0,4,20
0,R,0x80002700,4,20
0,R,0x80002740,4,20
0,R,0x80002780,4,20
0,R,0x800027c0,4,20
0,R,0x80002800,4,20
0,R,0x80002840,4,20
0,R,0x80002880,4,20
0,R,0x800028c0,4,20
0,R,0x80002900,4,20
0,R,0x80002940,4,20
0,R,0x80002980,4,20
0,R,0x800029c0,4,20
0,R,0x80002a00,4,20
0,R,0x80002a40,4,20
0,R,0x80002a80,4,20
0,R,0x80002ac0,4,20
0,R,0x80002b00,4,20
0,R,0x80002b40,4,20
0,R,0x80002b80,4,20
0,R,0x80002bc0,4,20
0,R,0x80002c00,4,20
0,R,0x80002c40,4,20
0,R,0x80002c80,4,20
0,R,0x80002cc0,4,20
0,R,0x80002d00,4,20
0,R,0x80002d40,4,20
0,R,0x80002d80,4,20
0,R,0x80002dc0,4,20
0,R,0x80002e00,4,20
0,R,0x80002e40,4,20
0,R,0x80002e80,4,20
0,R,0x80002ec0,4,20
0,R,0x80002f00,4,20
0,R,0x80002f40,4,20
0,R,0x80002f80,4,20
0,R,0x80002fc0,4,20
0,R,0x80003000,4,20
0,R,0x80003040,4,20
0,R,0x80003080,4,20
0,R,0x800030c0,4,20
0,R,0x80003100,4,20
0,R,0x80003140,4,20
0,R,0x80003180,4,20
0,R,0x800031c0,4,20
0,R,0x80003200,4,20
0,R,0x80003240,4,20
0,R,0x80003280,4,20
0,R,0x800032c0,4,20
0,R,0x80003300,4,20
0,R,0x80003340,4,20
0,R,0x80003380,4,20
0,R,0x800033c0,4,20
0,R,0x80003400,4,20
0,R,0x80003440,4,20
0,R,0x80003480,4,20
0,R,0x800034c0,4,20
0,R,0x80003500,4,20
0,R,0x80003540,4,20
0,R,0x80003580,4,20
0,R,0x800035c0,4,20
0,R,0x80003600,4,20
0,R,0x80003640,4,20
0,R,0x80003680,4,20
0,R,0x800036c0,4,20
0,R,0x80003700,4,20
0,R,0x80003740,4,20
0,R,0x80003780,4,20
0,R,0x800037c0,4,20
0,R,0x80003800,4,20
0,R,0x80003840,4,20
0,R,0x80003880,4,20
0,R,0x800038c0,4,20
0,R,0x80003900,4,20
0,R,0x80003940,4,20
0,R,0x80003980,4,20
0,R,0x800039c0,4,20
0,R,0x80003a00,4,20
0,R,0x80003a40,4,20
0,R,0x80003a80,4,20
0,R,0x80003ac0,4,20
0,R,0x80003b00,4,20
0,R,0x80003b40,4,20
0,R,0x80003b80,4,20
0,R,0x80003bc0,4,20
0,R,0x80003c00,4,20
0,R,0x80003c40,4,20
0,R,0x80003c80,4,20
0,R,0x80003cc0,4,20
0,R,0x80003d00,4,20
0,R,0x80003d40,4,20
0,R,0x80003d80,4,20
0,R,0x80003dc0,4,20
0,R,0x80003e00,4,20
0,R,0x80003e40,4,20
0,R,0x80003e80,4,20
0,R,0x80003ec0,4,20
0,R,0x80003f00,4,20
0,R,0x80003f40,4,20
0,R,0x80003f80,4,20
0,R,0x80003fc0,4,20
0,R,0x80004000,4,20
0,R,0x80004040,4,20
0,R,0x80004080,4,20
0,R,0x800040c0,4,20
0,R,0x80004100,4,20
0,R,0x80004140,4,20
0,R,0x80004180,4,20
0,R,0x800041c0,4,20
0,R,0x80004200,4,20
0,R,0x80004240,4,20
0,R,0x80004280,4,20
0,R,0x800042c0,4,20
0,R,0x80004300,4,20
0,R,0x80004340,4,20
0,R,0x80004380,4,20
0,R,0x800043c0,4,20
0,R,0x80004400,4,20
0,R,0x80004440,4,20
0,R,0x80004480,4,20
0,R,0x800044c0,4,20
0,R,0x80004500,4,20
0,R,0x80004540,4,20
0,R,0x80004580,4,20
0,R,0x800045c0,4,20
0,R,0x80004600,4,20
0,R,0x80004640,4,20
0,R,0x80004680,4,20
0,R,0x800046c0,4,20
0,R,0x80004700,4,20
0,R,0x80004740,4,20
0,R,0x80004780,4,20
0,R,0x800047c0,4,20
0,R,0x80004800,4,20
0,R,0x80004840,4,20
0,R,0x80004880,4,20
0,R,0x800048c0,4,20
0,R,0x80004900,4,20
0,R,0x80004940,4,20
0,R,0x80004980,4,20
0,R,0x800049c0,4,20
0,R,0x80004a00,4,20
0,R,0x80004a40,4,20
0,R,0x80004a80,4,20
0,R,0x80004ac0,4,20
0,R,0x80004b00,4,20
0,R,0x80004b40,4,20
0,R,0x80004b80,4,20
0,R,0x80004bc0,4,20
0,R,0x80004c00,4,20
0,R,0x80004c40,4,20
0,R,0x80004c80,4,20
0,R,0x80004cc0,4,20
0,R,0x80004d00,4,20
0,R,0x80004d40,4,20
0,R,0x80004d80,4,20
0,R,0x80004dc0,4,20
0,R,0x80004e00,4,20
0,R,0x80004e40,4,20
0,R,0x80004e80,4,20
0,R,0x80004ec0,4,20
0,R,0x80004f00,4,20
0,R,0x80004f40,4,20
0,R,0x80004f80,4,20
0,R,0x80004fc0,4,20
0,R,0x80005000,4,20
0,R,0x80005040,4,20
0,R,0x80005080,4,20
0,R,0x800050c0,4,20
0,R,0x80005100,4,20
0,R,0x80005140,4,20
0,R,0x80005180,4,20
0,R,0x800051c0,4,20
0,R,0x80005200,4,20
0,R,0x80005240,4,20
0,R,0x80005280,4,20
0,R,0x800052c0,4,20
0,R,0x80005300,4,20
0,R,0x80005340,4,20
0,R,0x80005380,4,20
0,R,0x800053c0,4,20
0,R,0x80005400,4,20
0,R,0x80005440,4,20
0,R,0x80005480,4,20
0,R,0x800054c0,4,20
0,R,0x80005500,4,20
0,R,0x80005540,4,20
0,R,0x80005580,4,20
0,R,0x800055c0,4,20
0,R,0x80005600,4,20
0,R,0x80005640,4,20
0,R,0x80005680,4,20
0,R,0x800056c0,4,20
0,R,0x80005700,4,20
0,R,0x80005740,4,20
0,R,0x80005780,4,20
0,R,0x800057c0,4,20
0,R,0x80005800,4,20
0,R,0x80005840,4,20
0,R,0x80005880,4,20
0,R,0x800058c0,4,20
0,R,0x80005900,4,20
0,R,0x80005940,4,20
0,R,0x80005980,4,20
0,R,0x800059c0,4,20
0,R,0x80005a00,4,20
0,R,0x80005a40,4,20
0,R,0x80005a80,4,20
0,R,0x80005ac0,4,20
0,R,0x80005b00,4,20
0,R,0x80005b40,4,20
0,R,0x80005b80,4,20
0,R,0x80005bc0,4,20
0,R,0x80005c00,4,20
0,R,0x80005c40,4,20
0,R,0x80005c80,4,20
0,R,0x80005cc0,4,20
0,R,0x80005d00,4,20
0,R,0x80005d40,4,20
0,R,0x80005d80,4,20
0,R,0x80005dc0,4,20
0,R,0x80005e00,4,20
0,R,0x80005e40,4,20
0,R,0x80005e80,4,20
0,R,0x80005ec0,4,20
0,R,0x80005f00,4,20
0,R,0x80005f40,4,20
0,R,0x80005f80,4,20
0,R,0x80005fc0,4,20
0,R,0x80006000,4,20
0,R,0x80006040,4,20
0,R,0x80006080,4,20
0,R,0x800060c0,4,20
0,R,0x80006100,4,20
0,R,0x80006140,4,20
0,R,0x80006180,4,20
0,R,0x800061c0,4,20
0,R,0x80006200,4,20
0,R,0x80006240,4,20
0,R,0x80006280,4,20
0,R,0x800062c0,4,20
0,R,0x80006300,4,20
0,R,0x80006340,4,20
0,R,0x80006380,4,20
0,R,0x800063c0,4,20
0,R,0x80006400,4,20
0,R,0x80006440,4,20
0,R,0x80006480,4,20
0,R,0x800064c0,4,20
0,R,0x80006500,4,20
0,R,0x80006540,4,20
0,R,0x80006580,4,20
0,R,0x800065c0,4,20
0,R,0x80006600,4,20
0,R,0x80006640,4,20
0,R,0x80006680,4,20
0,R,0x800066c0,4,20
0,R,0x80006700,4,20
0,R,0x80006740,4,20
0,R,0x80006780,4,20
0,R,0x800067c0,4,20
0,R,0x80006800,4,20
0,R,0x80006840,4,20
0,R,0x80006880,4,20
0,R,0x800068c0,4,20
0,R,0x80006900,4,20
0,R,0x80006940,4,20
0,R,0x80006980,4,20
0,R,0x800069c0,4,20
0,R,0x80006a00,4,20
0,R,0x80006a40,4,20
0,R,0x80006a80,4,20
0,R,0x80006ac0,4,20
0,R,0x80006b00,4,20
0,R,0x80006b40,4,20
0,R,0x80006b80,4,20
0,R,0x80006bc0,4,20
0,R,0x80006c00,4,20
0,R,0x80006c40,4,20
0,R,0x80006c80,4,20
0,R,0x80006cc0,4,20
0,R,0x80006d00,4,20
0,R,0x80006d40,4,20
0,R,0x80006d80,4,20
0,R,0x80006dc0,4,20
0,R,0x80006e00,4,20
0,R,0x80006e40,4,20
0,R,0x80006e80,4,20
0,R,0x80006ec0,4,20
0,R,0x80006f00,4,20
0,R,0x80006f40,4,20
0,R,0x80006f80,4,20
0,R,0x80006fc0,4,20
0,R,0x80007000,4,20
0,R,0x80007040,4,20
0,R,0x80007080,4,20
0,R,0x800070c0,4,20
0,R,0x80007100,4,20
0,R,0x80007140,4,20
0,R,0x80007180,4,20
0,R,0x800071c0,4,20
0,R,0x80007200,4,20
0,R,0x80007240,4,20
0,R,0x80007280,4,20
0,R,0x800072c0,4,20
0,R,0x80007300,4,20
0,R,0x80007340,4,20
0,R,0x80007380,4,20
0,R,0x800073c0,4,20
0,R,0x80007400,4,20
0,R,0x80007440,4,20
0,R,0x80007480,4,20
0,R,0x800074c0,4,20
0,R,0x80007500,4,20
0,R,0x80007540,4,20
0,R,0x80007580,4,20
0,R,0x800075c0,4,20
0,R,0x80007600,4,20
0,R,0x80007640,4,20
0,R,0x80007680,4,20
0,R,0x800076c0,4,20
0,R,0x80007700,4,20
0,R,0x80007740,4,20
0,R,0x80007780,4,20
0,R,0x800077c0,4,20
0,R,0x80007800,4,20
0,R,0x80007840,4,20
0,R,0x80007880,4,20
0,R,0x800078c0,4,20
0,R,0x80007900,4,20
0,R,0x80007940,4,20
0,R,0x80007980,4,20
0,R,0x800079c0,4,20
0,R,0x80007a00,4,20
0,R,0x80007a40,4,20
0,R,0x80007a80,4,20
0,R,0x80007ac0,4,20
0,R,0x80007b00,4,20
0,R,0x80007b40,4,20
0,R,0x80007b80,4,20
0,R,0x80007bc0,4,20
0,R,0x80007c00,4,20
0,R,0x80007c40,4,20
0,R,0x80007c80,4,20
0,R,0x80007cc0,4,20
0,R,0x80007d00,4,20
0,R,0x80007d40,4,20
0,R,0x80007d80,4,20
0,R,0x80007dc0,4,20
0,R,0x80007e00,4,20
0,R,0x80007e40,4,20
0,R,0x80007e80,4,20
0,R,0x80007ec0,4,20
0,R,0x80007f00,4,20
0,R,0x80007f40,4,20
0,R,0x80007f80,4,20
0,R,0x80007fc0,4,20
0,R,0x80008000,4,20
0,R,0x80008040,4,20
0,R,0x80008080,4,20
0,R,0x800080c0,4,20
0,R,0x80008100,4,20
0,R,0x80008140,4,20
0,R,0x80008180,4,20
0,R,0x800081c0,4,20
0,R,0x80008200,4,20
0,R,0x80008240,4,20
0,R,0x80008280,4,20
0,R,0x800082c0,4,20
0,R,0x80008300,4,20
0,R,0x80008340,4,20
0,R,0x80008380,4,20
0,R,0x800083c0,4,20
0,R,0x80008400,4,20
0,R,0x80008440,4,20
0,R,0x80008480,4,20
0,R,0x800084c0,4,20
0,R,0x80008500,4,20
0,R,0x80008540,4,20
0,R,0x80008580,4,20
0,R,0x800085c0,4,20
0,R,0x80008600,4,20
0,R,0x80008640,4,20
0,R,0x80008680,4,20
0,R,0x800086c0,4,20
0,R,0x80008700,4,20
0,R,0x80008740,4,20
0,R,0x80008780,4,20
0,R,0x800087c0,4,20
0,R,0x80008800,4,20
0,R,0x80008840,4,20
0,R,0x80008880,4,20
0,R,0x800088c0,4,20
0,R,0x80008900,4,20
0,R,0x80008940,4,20
0,R,0x80008980,4,20
0,R,0x800089c0,4,20
0,R,0x80008a00,4,20
0,R,0x80008a40,4,20
0,R,0x80008a80,4,20
0,R,0x80008ac0,4,20
0,R,0x80008b00,4,20
0,R,0x80008b40,4,20
0,R,0x80008b80,4,20
0,R,0x80008bc0,4,20
0,R,0x80008c00,4,20
0,R,0x80008c40,4,20
0,R,0x80008c80,4,20
0,R,0x80008cc0,4,20
0,R,0x80008d00,4,20
0,R,0x80008d40,4,20
0,R,0x80008d80,4,20
0,R,0x80008dc0,4,20
0,R,0x80008e00,4,20
0,R,0x80008e40,4,20
0,R,0x80008e80,4,20
0,R,0x80008ec0,4,20
0,R,0x80008f00,4,20
0,R,0x80008f40,4,20
0,R,0x80008f80,4,20
0,R,0x80008fc0,4,20
0,R,0x80009000,4,20
0,R,0x80009040,4,20
0,R,0x80009080,4,20
0,R,0x800090c0,4,20
0,R,0x80009100,4,20
0,R,0x80009140,4,20
0,R,0x80009180,4,20
0,R,0x800091c0,4,20
0,R,0x80009200,4,20
0,R,0x80009240,4,20
0,R,0x80009280,4,20
0,R,0x800092c0,4,20
0,R,0x80009300,4,20
0,R,0x80009340,4,20
0,R,0x80009380,4,20
0,R,0x800093c0,4,20
0,R,0x80009400,4,20
0,R,0x80009440,4,20
0,R,0x80009480,4,20
0,R,0x800094c0,4,20
0,R,0x80009500,4,20
0,R,0x80009540,4,20
0,R,0x80009580,4,20
0,R,0x800095c0,4,20
0,R,0x80009600,4,20
0,R,0x80009640,4,20
0,R,0x80009680,4,20
0,R,0x800096c0,4,20
0,R,0x80009700,4,20
0,R,0x80009740,4,20
0,R,0x80009780,4,20
0,R,0x800097c0,4,20
0,R,0x80009800,4,20
0,R,0x80009840,4,20
0,R,0x80009880,4,20
0,R,0x800098c0,4,20
0,R,0x80009900,4,20
0,R,0x80009940,4,20
0,R,0x80009980,4,20
0,R,0x800099c0,4,20
0,R,0x80009a00,4,20
0,R,0x80009a40,4,20
0,R,0x80009a80,4,20
0,R,0x80009ac0,4,20
0,R,0x80009b00,4,20
0,R,0x80009b40,4,20
0,R,0x80009b80,4,20
0,R,0x80009bc0,4,20
0,R,0x80009c00,4,20
0,R,0x80009c40,4,20
0,R,0x80009c80,4,20
0,R,0x80009cc0,4,20
0,R,0x80009d00,4,20
0,R,0x80009d40,4,20
0,R,0x80009d80,4,20
0,R,0x80009dc0,4,20
0,R,0x80009e00,4,20
0,R,0x80009e40,4,20
0,R,0x80009e80,4,20
0,R,0x80009ec0,4,20
0,R,0x80009f00,4,20
0,R,0x80009f40,4,20
0,R,0x80009f80,4,20
0,R,0x80009fc0,4,20
0,R,0x8000a000,4,20
0,R,0x8000a040,4,20
0,R,0x8000a080,4,20
0,R,0x8000a0c0,4,20
0,R,0x8000a100,4,20
0,R,0x8000a140,4,20
0,R,0x8000a180,4,20
0,R,0x8000a1c0,4,20
0,R,0x8000a200,4,20
0,R,0x8000a240,4,20
0,R,0x8000a280,4,20
0,R,0x8000a2c0,4,20
0,R,0x8000a300,4,20
0,R,0x8000a340,4,20
0,R,0x8000a380,4,20
0,R,0x8000a3c0,4,20
0,R,0x8000a400,4,20
0,R,0x8000a440,4,20
0,R,0x8000a480,4,20
0,R,0x8000a4c0,4,20
0,R,0x8000a500,4,20
0,R,0x8000a540,4,20
0,R,0x8000a580,4,20
0,R,0x8000a5c0,4,20
0,R,0x8000a600,4,20
0,R,0x8000a640,4,20
0,R,0x8000a680,4,20
0,R,0x8000a6c0,4,20
0,R,0x8000a700,4,20
0,R,0x8000a740,4,20
0,R,0x8000a780,4,20
0,R,0x8000a7c0,4,20
0,R,0x8000a800,4,20
0,R,0x8000a840,4,20
0,R,0x8000a880,4,20
0,R,0x8000a8c0,4,20
0,R,0x8000a900,4,20
0,R,0x8000a940,4,20
0,R,0x8000a980,4,20
0,R,0x8000a9c0,4,20
0,R,0x8000aa00,4,20
0,R,0x8000aa40,4,20
0,R,0x8000aa80,4,20
0,R,0x8000aac0,4,20
0,R,0x8000ab00,4,20
0,R,0x8000ab40,4,20
0,R,0x8000ab80,4,20
0,R,0x8000abc0,4,20
0,R,0x8000ac00,4,20
0,R,0x8000ac40,4,20
0,R,0x8000ac80,4,20
0,R,0x8000acc0,4,20
0,R,0x8000ad00,4,20
0,R,0x8000ad40,4,20
0,R,0x8000ad80,4,20
0,R,0x8000adc0,4,20
0,R,0x8000ae00,4,20
0,R,0x8000ae40,4,20
0,R,0x8000ae80,4,20
0,R,0x8000aec0,4,20
0,R,0x8000af00,4,20
0,R,0x8000af40,4,20
0,R,0x8000af80,4,20
0,R,0x8000afc0,4,20
0,R,0x8000b000,4,20
0,R,0x8000b040,4,20
0,R,0x8000b080,4,20
0,R,0x8000b0c0,4,20
0,R,0x8000b100,4,20
0,R,0x8000b140,4,20
0,R,0x8000b180,4,20
0,R,0x8000b1c0,4,20
0,R,0x8000b200,4,20
0,R,0x8000b240,4,20
0,R,0x8000b280,4,20
0,R,0x8000b2c0,4,20
0,R,0x8000b300,4,20
0,R,0x8000b340,4,20
0,R,0x8000b380,4,20
0,R,0x8000b3c0,4,20
0,R,0x8000b400,4,20
0,R,0x8000b440,4,20
0,R,0x8000b480,4,20
0,R,0x8000b4c0,4,20
0,R,0x8000b500,4,20
0,R,0x8000b540,4,20
0,R,0x8000b580,4,20
0,R,0x8000b5c0,4,20
0,R,0x8000b600,4,20
0,R,0x8000b640,4,20
0,R,0x8000b680,4,20
0,R,0x8000b6c0,4,20
0,R,0x8000b700,4,20
0,R,0x8000b740,4,20
0,R,0x8000b780,4,20
0,R,0x8000b7c0,4,20
0,R,0x8000b800,4,20
0,R,0x8000b840,4,20
0,R,0x8000b880,4,20
0,R,0x8000b8c0,4,20
0,R,0x8000b900,4,20
0,R,0x8000b940,4,20
0,R,0x8000b980,4,20
0,R,0x8000b9c0,4,20
0,R,0x8000ba00,4,20
0,R,0x8000ba40,4,20
0,R,0x8000ba80,4,20
0,R,0x8000bac0,4,20
0,R,0x8000bb00,4,20
0,R,0x8000bb40,4,20
0,R,0x8000bb80,4,20
0,R,0x8000bbc0,4,20
0,R,0x8000bc00,4,20
0,R,0x8000bc40,4,20
0,R,0x8000bc80,4,20
0,R,0x8000bcc0,4,20
0,R,0x8000bd00,4,20
0,R,0x8000bd40,4,20
0,R,0x8000bd80,4,20
0,R,0x8000bdc0,4,20
0,R,0x8000be00,4,20
0,R,0x8000be40,4,20
0,R,0x8000be80,4,20
0,R,0x8000bec0,4,20
0,R,0x8000bf00,4,20
0,R,0x8000bf40,4,20
0,R,0x8000bf80,4,20
0,R,0x8000bfc0,4,20
0,R,0x8000c000,4,20
0,R,0x8000c040,4,20
0,R,0x8000c080,4,20
0,R,0x8000c0c0,4,20
0,R,0x8000c100,4,20
0,R,0x8000c140,4,20
0,R,0x8000c180,4,20
0,R,0x8000c1c0,4,20
0,R,0x8000c200,4,20
0,R,0x8000c240,4,20
0,R,0x8000c280,4,20
0,R,0x8000c2c0,4,20
0,R,0x8000c300,4,20
0,R,0x8000c340,4,20
0,R,0x8000c380,4,20
0,R,0x8000c3c0,4,20
0,R,0x8000c400,4,20
0,R,0x8000c440,4,20
0,R,0x8000c480,4,20
0,R,0x8000c4c0,4,20
0,R,0x8000c500,4,20
0,R,0x8000c540,4,20
0,R,0x8000c580,4,20
0,R,0x8000c5c0,4,20
0,R,0x8000c600,4,20
0,R,0x8000c640,4,20
0,R,0x8000c680,4,20
0,R,0x8000c6c0,4,20
0,R,0x8000c700,4,20
0,R,0x8000c740,4,20
0,R,0x8000c780,4,20
0,R,0x8000c7c0,4,20
0,R,0x8000c800,4,20
0,R,0x8000c840,4,20
0,R,0x8000c880,4,20
0,R,0x8000c8c0,4,20
0,R,0x8000c900,4,20
0,R,0x8000c940,4,20
0,R,0x8000c980,4,20
0,R,0x8000c9c0,4,20
0,R,0x8000ca00,4,20
0,R,0x8000ca40,4,20
0,R,0x8000ca80,4,20
0,R,0x8000cac0,4,20
0,R,0x8000cb00,4,20
0,R,0x8000cb40,4,20
0,R,0x8000cb80,4,20
0,R,0x8000cbc0,4,20
0,R,0x8000cc00,4,20
0,R,0x8000cc40,4,20
0,R,0x8000cc80,4,20
0,R,0x8000ccc0,4,20
0,R,0x8000cd00,4,20
0,R,0x8000cd40,4,20
0,R,0x8000cd80,4,20
0,R,0x8000cdc0,4,20
0,R,0x8000ce00,4,20
0,R,0x8000ce40,4,20
0,R,0x8000ce80,4,20
0,R,0x8000cec0,4,20
0,R,0x8000cf00,4,20
0,R,0x8000cf40,4,20
0,R,0x8000cf80,4,20
0,R,0x8000cfc0,4,20
0,R,0x8000d000,4,20
0,R,0x8000d040,4,20
0,R,0x8000d080,4,20
0,R,0x8000d0c0,4,20
0,R,0x8000d100,4,20
0,R,0x8000d140,4,20
0,R,0x8000d180,4,20
0,R,0x8000d1c0,4,20
0,R,0x8000d200,4,20
0,R,0x8000d240,4,20
0,R,0x8000d280,4,20
0,R,0x8000d2c0,4,20
0,R,0x8000d300,4,20
0,R,0x8000d340,4,20
0,R,0x8000d380,4,20
0,R,0x8000d3c0,4,20
0,R,0x8000d400,4,20
0,R,0x8000d440,4,20
0,R,0x8000d480,4,20
0,R,0x8000d4c0,4,20
0,R,0x8000d500,4,20
0,R,0x8000d540,4,20
0,R,0x8000d580,4,20
0,R,0x8000d5c0,4,20
0,R,0x8000d600,4,20
0,R,0x8000d640,4,20
0,R,0x8000d680,4,20
0,R,0x8000d6c0,4,20
0,R,0x8000d700,4,20
0,R,0x8000d740,4,20
0,R,0x8000d780,4,20
0,R,0x8000d7c0,4,20
0,R,0x8000d800,4,20
0,R,0x8000d840,4,20
0,R,0x8000d880,4,20
0,R,0x8000d8c0,4,20
0,R,0x8000d900,4,20
0,R,0x8000d940,4,20
0,R,0x8000d980,4,20
0,R,0x8000d9c0,4,20
0,R,0x8000da00,4,20
0,R,0x8000da40,4,20
0,R,0x8000da80,4,20
0,R,0x8000dac0,4,20
0,R,0x8000db00,4,20
0,R,0x8000db40,4,20
0,R,0x8000db80,4,20
0,R,0x8000dbc0,4,20
0,R,0x8000dc00,4,20
0,R,0x8000dc40,4,20
0,R,0x8000dc80,4,20
0,R,0x8000dcc0,4,20
0,R,0x8000dd00,4,20
0,R,0x8000dd40,4,20
0,R,0x8000dd80,4,20
0,R,0x8000ddc0,4,20
0,R,0x8000de00,4,20
0,R,0x8000de40,4,20
0,R,0x8000de80,4,20
0,R,0x8000dec0,4,20
0,R,0x8000df00,4,20
0,R,0x8000df40,4,20
0,R,0x8000df80,4,20
0,R,0x8000dfc0,4,20
0,R,0x8000e000,4,20
0,R,0x8000e040,4,20
0,R,0x8000e080,4,20
0,R,0x8000e0c0,4,20
0,R,0x8000e100,4,20
0,R,0x8000e140,4,20
0,R,0x8000e180,4,20
0,R,0x8000e1c0,4,20
0,R,0x8000e200,4,20
0,R,0x8000e240,4,20
0,R,0x8000e280,4,20
0,R,0x8000e2c0,4,20
0,R,0x8000e300,4,20
0,R,0x8000e340,4,20
0,R,0x8000e380,4,20
0,R,0x8000e3c0,4,20
0,R,0x8000e400,4,20
0,R,0x8000e440,4,20
0,R,0x8000e480,4,20
0,R,0x8000e4c0,4,20
0,R,0x8000e500,4,20
0,R,0x8000e540,4,20
0,R,0x8000e580,4,20
0,R,0x8000e5c0,4,20
0,R,0x8000e600,4,20
0,R,0x8000e640,4,20
0,R,0x8000e680,4,20
0,R,0x8000e6c0,4,20
0,R,0x8000e700,4,20
0,R,0x8000e740,4,20
0,R,0x8000e780,4,20
0,R,0x8000e7c0,4,20
0,R,0x8000e800,4,20
0,R,0x8000e840,4,20
0,R,0x8000e880,4,20
0,R,0x8000e8c0,4,20
0,R,0x8000e900,4,20
0,R,0x8000e940,4,20
0,R,0x8000e980,4,20
0,R,0x8000e9c0,4,20
0,R,0x8000ea00,4,20
0,R,0x8000ea40,4,20
0,R,0x8000ea80,4,20
0,R,0x8000eac0,4,20
0,R,0x8000eb00,4,20
0,R,0x8000eb40,4,20
0,R,0x8000eb80,4,20
0,R,0x8000ebc0,4,20
0,R,0x8000ec00,4,20
0,R,0x8000ec40,4,20
0,R,0x8000ec80,4,20
0,R,0x8000ecc0,4,20
0,R,0x8000ed00,4,20
0,R,0x8000ed40,4,20
0,R,0x8000ed80,4,20
0,R,0x8000edc0,4,20
0,R,0x8000ee00,4,20
0,R,0x8000ee40,4,20
0,R,0x8000ee80,4,20
0,R,0x8000eec0,4,20
0,R,0x8000ef00,4,20
0,R,0x8000ef40,4,20
0,R,0x8000ef80,4,20
0,R,0x8000efc0,4,20
0,R,0x8000f000,4,20
0,R,0x8000f040,4,20
0,R,0x8000f080,4,20
0,R,0x8000f0c0,4,20
0,R,0x8000f100,4,20
0,R,0x8000f140,4,20
0,R,0x8000f180,4,20
0,R,0x8000f1c0,4,20
0,R,0x8000f200,4,20
0,R,0x8000f240,4,20
0,R,0x8000f280,4,20
0,R,0x8000f2c0,4,20
0,R,0x8000f300,4,20
0,R,0x8000f340,4,20
0,R,0x8000f380,4,20
0,R,0x8000f3c0,4,20
0,R,0x8000f400,4,20
0,R,0x8000f440,4,20
0,R,0x8000f480,4,20
0,R,0x8000f4c0,4,20
0,R,0x8000f500,4,20
0,R,0x8000f540,4,20
0,R,0x8000f580,4,20
0,R,0x8000f5c0,4,20
0,R,0x8000f600,4,20
0,R,0x8000f640,4,20
0,R,0x8000f680,4,20
0,R,0x8000f6c0,4,20
0,R,0x8000f700,4,20
0,R,0x8000f740,4,20
0,R,0x8000f780,4,20
0,R,0x8000f7c0,4,20
0,R,0x8000f800,4,20
0,R,0x8000f840,4,20
0,R,0x8000f880,4,20
0,R,0x8000f8c0,4,20
0,R,0x8000f900,4,20
0,R,0x8000f940,4,20
0,R,0x8000f980,4,20
0,R,0x8000f9c0,4,20
0,R,0x8000fa00,4,20
0,R,0x8000fa40,4,20
0,R,0x8000fa80,4,20
0,R,0x8000fac0,4,20
0,R,0x8000fb00,4,20
0,R,0x8000fb40,4,20
0,R,0x8000fb80,4,20
0,R,0x8000fbc0,4,20
0,R,0x8000fc00,4,20
0,R,0x8000fc40,4,20
0,R,0x8000fc80,4,20
0,R,0x8000fcc0,4,20
0,R,0x8000fd00,4,20
0,R,0x8000fd40,4,20
0,R,0x8000fd80,4,20
0,R,0x8000fdc0,4,20
0,R,0x8000fe00,4,20
0,R,0x8000fe40,4,20
0,R,0x8000fe80,4,20
0,R,0x8000fec0,4,20
0,R,0x8000ff00,4,20
0,R,0x8000ff40,4,20
0,R,0x8000ff80,4,20
0,R,0x8000ffc0,4,20
0,R,0x80010000,4,20
0,R,0x80010040,4,20
0,R,0x80010080,4,20
0,R,0x800100c0,4,20
0,R,0x80010100,4,20
0,R,0x80010140,4,20
0,R,0x80010180,4,20
0,R,0x800101c0,4,20
0,R,0x80010200,4,20
0,R,0x80010240,4,20
0,R,0x80010280,4,20
0,R,0x800102c0,4,20
0,R,0x80010300,4,20
0,R,0x80010340,4,20
0,R,0x80010380,4,20
0,R,0x800103c0,4,20
0,R,0x80010400,4,20
0,R,0x80010440,4,20
0,R,0x80010480,4,20
0,R,0x800104c0,4,20
0,R,0x80010500,4,20
0,R,0x80010540,4,20
0,R,0x80010580,4,20
0,R,0x800105c0,4,20
0,R,0x80010600,4,20
0,R,0x80010640,4,20
0,R,0x80010680,4,20
0,R,0x800106c0,4,20
0,R,0x80010700,4,20
0,R,0x80010740,4,20
0,R,0x80010780,4,20
0,R,0x800107c0,4,20
0,R,0x80010800,4,20
0,R,0x80010840,4,20
0,R,0x80010880,4,20
0,R,0x800108c0,4,20
0,R,0x80010900,4,20
0,R,0x80010940,4,20
0,R,0x80010980,4,20
0,R,0x800109c0,4,20
0,R,0x80010a00,4,20
0,R,0x80010a40,4,20
0,R,0x80010a80,4,20
0,R,0x80010ac0,4,20
0,R,0x80010b00,4,20
0,R,0x80010b40,4,20
0,R,0x80010b80,4,20
0,R,0x80010bc0,4,20
0,R,0x80010c00,4,20
0,R,0x80010c40,4,20
0,R,0x80010c80,4,20
0,R,0x80010cc0,4,20
0,R,0x80010d00,4,20
0,R,0x80010d40,4,20
0,R,0x80010d80,4,20
0,R,0x80010dc0,4,20
0,R,0x80010e00,4,20
0,R,0x80010e40,4,20
0,R,0x80010e80,4,20
0,R,0x80010ec0,4,20
0,R,0x80010f00,4,20
0,R,0x80010f40,4,20
0,R,0x80010f80,4,20
0,R,0x80010fc0,4,20
0,R,0x80011000,4,20
0,R,0x80011040,4,20
0,R,0x80011080,4,20
0,R,0x800110c0,4,20
0,R,0x80011100,4,20
0,R,0x80011140,4,20
0,R,0x80011180,4,20
0,R,0x800111c0,4,20
0,R,0x80011200,4,20
0,R,0x80011240,4,20
0,R,0x80011280,4,20
0,R,0x800112c0,4,20
0,R,0x80011300,4,20
0,R,0x80011340,4,20
0,R,0x80011380,4,20
0,R,0x800113c0,4,20
0,R,0x80011400,4,20
0,R,0x80011440,4,20
0,R,0x80011480,4,20
0,R,0x800114c0,4,20
0,R,0x80011500,4,20
0,R,0x80011540,4,20
0,R,0x80011580,4,20
0,R,0x800115c0,4,20
0,R,0x80011600,4,20
0,R,0x80011640,4,20
0,R,0x80011680,4,20
0,R,0x800116c0,4,20
0,R,0x80011700,4,20
0,R,0x80011740,4,20
0,R,0x80011780,4,20
0,R,0x800117c0,4,20
0,R,0x80011800,4,20
0,R,0x80011840,4,20
0,R,0x80011880,4,20
0,R,0x800118c0,4,20
0,R,0x80011900,4,20
0,R,0x80011940,4,20
0,R,0x80011980,4,20
0,R,0x800119c0,4,20
0,R,0x80011a00,4,20
0,R,0x80011a40,4,20
0,R,0x80011a80,4,20
0,R,0x80011ac0,4,20
0,R,0x80011b00,4,20
0,R,0x80011b40,4,20
0,R,0x80011b80,4,20
0,R,0x80011bc0,4,20
0,R,0x80011c00,4,20
0,R,0x80011c40,4,20
0,R,0x80011c80,4,20
0,R,0x80011cc0,4,20
0,R,0x80011d00,4,20
0,R,0x80011d40,4,20
0,R,0x80011d80,4,20
0,R,0x80011dc0,4,20
0,R,0x80011e00,4,20
0,R,0x80011e40,4,20
0,R,0x80011e80,4,20
0,R,0x80011ec0,4,20
0,R,0x80011f00,4,20
0,R,0x80011f40,4,20
0,R,0x80011f80,4,20
0,R,0x80011fc0,4,20
0,R,0x80012000,4,20
0,R,0x80012040,4,20
0,R,0x80012080,4,20
0,R,0x800120c0,4,20
0,R,0x80012100,4,20
0,R,0x80012140,4,20
0,R,0x80012180,4,20
0,R,0x800121c0,4,20
0,R,0x80012200,4,20
0,R,0x80012240,4,20
0,R,0x80012280,4,20
0,R,0x800122c0,4,20
0,R,0x80012300,4,20
0,R,0x80012340,4,20
0,R,0x80012380,4,20
0,R,0x800123c0,4,20
0,R,0x80012400,4,20
0,R,0x80012440,4,20
0,R,0x80012480,4,20
0,R,0x800124c0,4,20
0,R,0x80012500,4,20
0,R,0x80012540,4,20
0,R,0x80012580,4,20
0,R,0x800125c0,4,20
0,R,0x80012600,4,20
0,R,0x80012640,4,20
0,R,0x80012680,4,20
0,R,0x800126c0,4,20
0,R,0x80012700,4,20
0,R,0x80012740,4,20
0,R,0x80012780,4,20
0,R,0x800127c0,4,20
0,R,0x80012800,4,20
0,R,0x80012840,4,20
0,R,0x80012880,4,20
0,R,0x800128c0,4,20
0,R,0x80012900,4,20
0,R,0x80012940,4,20
0,R,0x80012980,4,20
0,R,0x800129c0,4,20
0,R,0x80012a00,4,20
0,R,0x80012a40,4,20
0,R,0x80012a80,4,20
0,R,0x80012ac0,4,20
0,R,0x80012b00,4,20
0,R,0x80012b40,4,20
0,R,0x80012b80,4,20
0,R,0x80012bc0,4,20
0,R,0x80012c00,4,20
0,R,0x80012c40,4,20
0,R,0x80012c80,4,20
0,R,0x80012cc0,4,20
0,R,0x80012d00,4,20
0,R,0x80012d40,4,20
0,R,0x80012d80,4,20
0,R,0x80012dc0,4,20
0,R,0x80012e00,4,20
0,R,0x80012e40,4,20
0,R,0x80012e80,4,20
0,R,0x80012ec0,4,20
0,R,0x80012f00,4,20
0,R,0x80012f40,4,20
0,R,0x80012f80,4,20
0,R,0x80012fc0,4,20
0,R,0x80013000,4,20
0,R,0x80013040,4,20
0,R,0x80013080,4,20
0,R,0x800130c0,4,20
0,R,0x80013100,4,20
0,R,0x80013140,4,20
0,R,0x80013180,4,20
0,R,0x800131c0,4,20
0,R,0x80013200,4,20
0,R,0x80013240,4,20
0,R,0x80013280,4,20
0,R,0x800132c0,4,20
0,R,0x80013300,4,20
0,R,0x80013340,4,20
0,R,0x80013380,4,20
0,R,0x800133c0,4,20
0,R,0x80013400,4,20
0,R,0x80013440,4,20
0,R,0x80013480,4,20
0,R,0x800134c0,4,20
0,R,0x80013500,4,20
0,R,0x80013540,4,20
0,R,0x80013580,4,20
0,R,0x800135c0,4,20
0,R,0x80013600,4,20
0,R,0x80013640,4,20
0,R,0x80013680,4,20
0,R,0x800136c0,4,20
0,R,0x80013700,4,20
0,R,0x80013740,4,20
0,R,0x80013780,4,20
0,R,0x800137c0,4,20
0,R,0x80013800,4,20
0,R,0x80013840,4,20
0,R,0x80013880,4,20
0,R,0x800138c0,4,20
0,R,0x80013900,4,20
0,R,0x80013940,4,20
0,R,0x80013980,4,20
0,R,0x800139c0,4,20
0,R,0x80013a00,4,20
0,R,0x80013a40,4,20
0,R,0x80013a80,4,20
0,R,0x80013ac0,4,20
0,R,0x80013b00,4,20
0,R,0x80013b40,4,20
0,R,0x80013b80,4,20
0,R,0x80013bc0,4,20
0,R,0x80013c00,4,20
0,R,0x80013c40,4,20
0,R,0x80013c80,4,20
0,R,0x80013cc0,4,20
0,R,0x80013d00,4,20
0,R,0x80013d40,4,20
0,R,0x80013d80,4,20
0,R,0x80013dc0,4,20
0,R,0x80013e00,4,20
0,R,0x80013e40,4,20
0,R,0x80013e80,4,20
0,R,0x80013ec0,4,20
0,R,0x80013f00,4,20
0,R,0x80013f40,4,20
0,R,0x80013f80,4,20
0,R,0x80013fc0,4,20
0,R,0x80014000,4,20
0,R,0x80014040,4,20
0,R,0x80014080,4,20
0,R,0x800140c0,4,20
0,R,0x80014100,4,20
0,R,0x80014140,4,20
0,R,0x80014180,4,20
0,R,0x800141c0,4,20
0,R,0x80014200,4,20
0,R,0x80014240,4,20
0,R,0x80014280,4,20
0,R,0x800142c0,4,20
0,R,0x80014300,4,20
0,R,0x80014340,4,20
0,R,0x80014380,4,20
0,R,0x800143c0,4,20
0,R,0x80014400,4,20
0,R,0x80014440,4,20
0,R,0x80014480,4,20
0,R,0x800144c0,4,20
0,R,0x80014500,4,20
0,R,0x80014540,4,20
0,R,0x80014580,4,20
0,R,0x800145c0,4,20
0,R,0x80014600,4,20
0,R,0x80014640,4,20
0,R,0x80014680,4,20
0,R,0x800146c0,4,20
0,R,0x80014700,4,20
0,R,0x80014740,4,20
0,R,0x80014780,4,20
0,R,0x800147c0,4,20
0,R,0x80014800,4,20
0,R,0x80014840,4,20
0,R,0x80014880,4,20
0,R,0x800148c0,4,20
0,R,0x80014900,4,20
0,R,0x80014940,4,20
0,R,0x80014980,4,20
0,R,0x800149c0,4,20
0,R,0x80014a00,4,20
0,R,0x80014a40,4,20
0,R,0x80014a80,4,20
0,R,0x80014ac0,4,20
0,R,0x80014b00,4,20
0,R,0x80014b40,4,20
0,R,0x80014b80,4,20
0,R,0x80014bc0,4,20
0,R,0x80014c00,4,20
0,R,0x80014c40,4,20
0,R,0x80014c80,4,20
0,R,0x80014cc0,4,20
0,R,0x80014d00,4,20
0,R,0x80014d40,4,20
0,R,0x80014d80,4,20
0,R,0x80014dc0,4,20
0,R,0x80014e00,4,20
0,R,0x80014e40,4,20
0,R,0x80014e80,4,20
0,R,0x80014ec0,4,20
0,R,0x80014f00,4,20
0,R,0x80014f40,4,20
0,R,0x80014f80,4,20
0,R,0x80014fc0,4,20
0,R,0x80015000,4,20
0,R,0x80015040,4,20
0,R,0x80015080,4,20
0,R,0x800150c0,4,20
0,R,0x80015100,4,20
0,R,0x80015140,4,20
0,R,0x80015180,4,20
0,R,0x800151c0,4,20
0,R,0x80015200,4,20
0,R,0x80015240,4,20
0,R,0x80015280,4,20
0,R,0x800152c0,4,20
0,R,0x80015300,4,20
0,R,0x80015340,4,20
0,R,0x80015380,4,20
0,R,0x800153c0,4,20
0,R,0x80015400,4,20
0,R,0x80015440,4,20
0,R,0x80015480,4,20
0,R,0x800154c0,4,20
0,R,0x80015500,4,20
0,R,0x80015540,4,20
0,R,0x80015580,4,20
0,R,0x800155c0,4,20
0,R,0x80015600,4,20
0,R,0x80015640,4,20
0,R,0x80015680,4,20
0,R,0x800156c0,4,20
0,R,0x80015700,4,20
0,R,0x80015740,4,20
0,R,0x80015780,4,20
0,R,0x800157c0,4,20
0,R,0x80015800,4,20
0,R,0x80015840,4,20
0,R,0x80015880,4,20
0,R,0x800158c0,4,20
0,R,0x80015900,4,20
0,R,0x80015940,4,20
0,R,0x80015980,4,20
0,R,0x800159c0,4,20
0,R,0x80015a00,4,20
0,R,0x80015a40,4,20
0,R,0x80015a80,4,20
0,R,0x80015ac0,4,20
0,R,0x80015b00,4,20
0,R,0x80015b40,4,20
0,R,0x80015b80,4,20
0,R,0x80015bc0,4,20
0,R,0x80015c00,4,20
0,R,0x80015c40,4,20
0,R,0x80015c80,4,20
0,R,0x80015cc0,4,20
0,R,0x80015d00,4,20
0,R,0x80015d40,4,20
0,R,0x80015d80,4,20
0,R,0x80015dc0,4,20
0,R,0x80015e00,4,20
0,R,0x80015e40,4,20
0,R,0x80015e80,4,20
0,R,0x80015ec0,4,20
0,R,0x80015f00,4,20
0,R,0x80015f40,4,20
0,R,0x80015f80,4,20
0,R,0x80015fc0,4,20
0,R,0x80016000,4,20
0,R,0x80016040,4,20
0,R,0x80016080,4,20
0,R,0x800160c0,4,20
0,R,0x80016100,4,20
0,R,0x80016140,4,20
0,R,0x80016180,4,20
0,R,0x800161c0,4,20
0,R,0x80016200,4,20
0,R,0x80016240,4,20
0,R,0x80016280,4,20
0,R,0x800162c0,4,20
0,R,0x80016300,4,20
0,R,0x80016340,4,20
0,R,0x80016380,4,20
0,R,0x800163c0,4,20
0,R,0x80016400,4,20
0,R,0x80016440,4,20
0,R,0x80016480,4,20
0,R,0x800164c0,4,20
0,R,0x80016500,4,20
0,R,0x80016540,4,20
0,R,0x80016580,4,20
0,R,0x800165c0,4,20
0,R,0x80016600,4,20
0,R,0x80016640,4,20
0,R,0x80016680,4,20
0,R,0x800166c0,4,20
0,R,0x80016700,4,20
0,R,0x80016740,4,20
0,R,0x80016780,4,20
0,R,0x800167c0,4,20
0,R,0x80016800,4,20
0,R,0x80016840,4,20
0,R,0x80016880,4,20
0,R,0x800168c0,4,20
0,R,0x80016900,4,20
0,R,0x80016940,4,20
0,R,0x80016980,4,20
0,R,0x800169c0,4,20
0,R,0x80016a00,4,20
0,R,0x80016a40,4,20
0,R,0x80016a80,4,20
0,R,0x80016ac0,4,20
0,R,0x80016b00,4,20
0,R,0x80016b40,4,20
0,R,0x80016b80,4,20
0,R,0x80016bc0,4,20
0,R,0x80016c00,4,20
0,R,0x80016c40,4,20
0,R,0x80016c80,4,20
0,R,0x80016cc0,4,20
0,R,0x80016d00,4,20
0,R,0x80016d40,4,20
0,R,0x80016d80,4,20
0,R,0x80016dc0,4,20
0,R,0x80016e00,4,20
0,R,0x80016e40,4,20
0,R,0x80016e80,4,20
0,R,0x80016ec0,4,20
0,R,0x80016f00,4,20
0,R,0x80016f40,4,20
0,R,0x80016f80,4,20
0,R,0x80016fc0,4,20
0,R,0x80017000,4,20
0,R,0x80017040,4,20
0,R,0x80017080,4,20
0,R,0x800170c0,4,20
0,R,0x80017100,4,20
0,R,0x80017140,4,20
0,R,0x80017180,4,20
0,R,0x800171c0,4,20
0,R,0x80017200,4,20
0,R,0x80017240,4,20
0,R,0x80017280,4,20
0,R,0x800172c0,4,20
0,R,0x80017300,4,20
0,R,0x80017340,4,20
0,R,0x80017380,4,20
0,R,0x800173c0,4,20
0,R,0x80017400,4,20
0,R,0x80017440,4,20
0,R,0x80017480,4,20
0,R,0x800174c0,4,20
0,R,0x80017500,4,20
0,R,0x80017540,4,20
0,R,0x80017580,4,20
0,R,0x800175c0,4,20
0,R,0x80017600,4,20
0,R,0x80017640,4,20
0,R,0x80017680,4,20
0,R,0x800176c0,4,20
0,R,0x80017700,4,20
0,R,0x80017740,4,20
0,R,0x80017780,4,20
0,R,0x800177c0,4,20
0,R,0x80017800,4,20
0,R,0x80017840,4,20
0,R,0x80017880,4,20
0,R,0x800178c0,4,20
0,R,0x80017900,4,20
0,R,0x80017940,4,20
0,R,0x80017980,4,20
0,R,0x800179c0,4,20
0,R,0x80017a00,4,20
0,R,0x80017a40,4,20
0,R,0x80017a80,4,20
0,R,0x80017ac0,4,20
0,R,0x80017b00,4,20
0,R,0x80017b40,4,20
0,R,0x80017b80,4,20
0,R,0x80017bc0,4,20
0,R,0x80017c00,4,20
0,R,0x80017c40,4,20
0,R,0x80017c80,4,20
0,R,0x80017cc0,4,20
0,R,0x80017d00,4,20
0,R,0x80017d40,4,20
0,R,0x80017d80,4,20
0,R,0x80017dc0,4,20
0,R,0x80017e00,4,20
0,R,0x80017e40,4,20
0,R,0x80017e80,4,20
0,R,0x80017ec0,4,20
0,R,0x80017f00,4,20
0,R,0x80017f40,4,20
0,R,0x80017f80,4,20
0,R,0x80017fc0,4,20
0,R,0x80018000,4,20
0,R,0x80018040,4,20
0,R,0x80018080,4,20
0,R,0x800180c0,4,20
0,R,0x80018100,4,20
0,R,0x80018140,4,20
0,R,0x80018180,4,20
0,R,0x800181c0,4,20
0,R,0x80018200,4,20
0,R,0x80018240,4,20
0,R,0x80018280,4,20
0,R,0x800182c0,4,20
0,R,0x80018300,4,20
0,R,0x80018340,4,20
0,R,0x80018380,4,20
0,R,0x800183c0,4,20
0,R,0x80018400,4,20
0,R,0x80018440,4,20
0,R,0x80018480,4,20
0,R,0x800184c0,4,20
0,R,0x80018500,4,20
0,R,0x80018540,4,20
0,R,0x80018580,4,20
0,R,0x800185c0,4,20
0,R,0x80018600,4,20
0,R,0x80018640,4,20
0,R,0x80018680,4,20
0,R,0x800186c0,4,20
0,R,0x80018700,4,20
0,R,0x80018740,4,20
0,R,0x80018780,4,20
0,R,0x800187c0,4,20
0,R,0x80018800,4,20
0,R,0x80018840,4,20
0,R,0x80018880,4,20
0,R,0x800188c0,4,20
0,R,0x80018900,4,20
0,R,0x80018940,4,20
0,R,0x80018980,4,20
0,R,0x800189c0,4,20
0,R,0x80018a00,4,20
0,R,0x80018a40,4,20
0,R,0x80018a80,4,20
0,R,0x80018ac0,4,20
0,R,0x80018b00,4,20
0,R,0x80018b40,4,20
0,R,0x80018b80,4,20
0,R,0x80018bc0,4,20
0,R,0x80018c00,4,20
0,R,0x80018c40,4,20
0,R,0x80018c80,4,20
0,R,0x80018cc0,4,20
0,R,0x80018d00,4,20
0,R,0x80018d40,4,20
0,R,0x80018d80,4,20
0,R,0x80018dc0,4,20
0,R,0x80018e00,4,20
0,R,0x80018e40,4,20
0,R,0x80018e80,4,20
0,R,0x80018ec0,4,20
0,R,0x80018f00,4,20
0,R,0x80018f40,4,20
0,R,0x80018f80,4,20
0,R,0x80018fc0,4,20
0,R,0x80019000,4,20
0,R,0x80019040,4,20
0,R,0x80019080,4,20
0,R,0x800190c0,4,20
0,R,0x80019100,4,20
0,R,0x80019140,4,20
0,R,0x80019180,4,20
0,R,0x800191c0,4,20
0,R,0x80019200,4,20
0,R,0x80019240,4,20
0,R,0x80019280,4,20
0,R,0x800192c0,4,20
0,R,0x80019300,4,20
0,R,0x80019340,4,20
0,R,0x80019380,4,20
0,R,0x800193c0,4,20
0,R,0x80019400,4,20
0,R,0x80019440,4,20
0,R,0x80019480,4,20
0,R,0x800194c0,4,20
0,R,0x80019500,4,20
0,R,0x80019540,4,20
0,R,0x80019580,4,20
0,R,0x800195c0,4,20
0,R,0x80019600,4,20
0,R,0x80019640,4,20
0,R,0x80019680,4,20
0,R,0x800196c0,4,20
0,R,0x80019700,4,20
0,R,0x80019740,4,20
0,R,0x80019780,4,20
0,R,0x800197c0,4,20
0,R,0x80019800,4,20
0,R,0x80019840,4,20
0,R,0x80019880,4,20
0,R,0x800198c0,4,20
0,R,0x80019900,4,20
0,R,0x80019940,4,20
0,R,0x80019980,4,20
0,R,0x800199c0,4,20
0,R,0x80019a00,4,20
0,R,0x80019a40,4,20
0,R,0x80019a80,4,20
0,R,0x80019ac0,4,20
0,R,0x80019b00,4,20
0,R,0x80019b40,4,20
0,R,0x80019b80,4,20
0,R,0x80019bc0,4,20
0,R,0x80019c00,4,20
0,R,0x80019c40,4,20
0,R,0x80019c80,4,20
0,R,0x80019cc0,4,20
0,R,0x80019d00,4,20
0,R,0x80019d40,4,20
0,R,0x80019d80,4,20
0,R,0x80019dc0,4,20
0,R,0x80019e00,4,20
0,R,0x80019e40,4,20
0,R,0x80019e80,4,20
0,R,0x80019ec0,4,20
0,R,0x80019f00,4,20
0,R,0x80019f40,4,20
0,R,0x80019f80,4,20
0,R,0x80019fc0,4,20
0,R,0x8001a000,4,20
0,R,0x8001a040,4,20
0,R,0x8001a080,4,20
0,R,0x8001a0c0,4,20
0,R,0x8001a100,4,20
0,R,0x8001a140,4,20
0,R,0x8001a180,4,20
0,R,0x8001a1c0,4,20
0,R,0x8001a200,4,20
0,R,0x8001a240,4,20
0,R,0x8001a280,4,20
0,R,0x8001a2c0,4,20
0,R,0x8001a300,4,20
0,R,0x8001a340,4,20
0,R,0x8001a380,4,20
0,R,0x8001a3c0,4,20
0,R,0x8001a400,4,20
0,R,0x8001a440,4,20
0,R,0x8001a480,4,20
0,R,0x8001a4c0,4,20
0,R,0x8001a500,4,20
0,R,0x8001a540,4,20
0,R,0x8001a580,4,20
0,R,0x8001a5c0,4,20
0,R,0x8001a600,4,20
0,R,0x8001a640,4,20
0,R,0x8001a680,4,20
0,R,0x8001a6c0,4,20
0,R,0x8001a700,4,20
0,R,0x8001a740,4,20
0,R,0x8001a780,4,20
0,R,0x8001a7c0,4,20
0,R,0x8001a800,4,20
0,R,0x8001a840,4,20
0,R,0x8001a880,4,20
0,R,0x8001a8c0,4,20
0,R,0x8001a900,4,20
0,R,0x8001a940,4,20
0,R,0x8001a980,4,20
0,R,0x8001a9c0,4,20
0,R,0x8001aa00,4,20
0,R,0x8001aa40,4,20
0,R,0x8001aa80,4,20
0,R,0x8001aac0,4,20
0,R,0x8001ab00,4,20
0,R,0x8001ab40,4,20
0,R,0x8001ab80,4,20
0,R,0x8001abc0,4,20
0,R,0x8001ac00,4,20
0,R,0x8001ac40,4,20
0,R,0x8001ac80,4,20
0,R,0x8001acc0,4,20
0,R,0x8001ad00,4,20
0,R,0x8001ad40,4,20
0,R,0x8001ad80,4,20
0,R,0x8001adc0,4,20
0,R,0x8001ae00,4,20
0,R,0x8001ae40,4,20
0,R,0x8001ae80,4,20
0,R,0x8001aec0,4,20
0,R,0x8001af00,4,20
0,R,0x8001af40,4,20
0,R,0x8001af80,4,20
0,R,0x8001afc0,4,20
0,R,0x8001b000,4,20
0,R,0x8001b040,4,20
0,R,0x8001b080,4,20
0,R,0x8001b0c0,4,20
0,R,0x8001b100,4,20
0,R,0x8001b140,4,20
0,R,0x8001b180,4,20
0,R,0x8001b1c0,4,20
0,R,0x8001b200,4,20
0,R,0x8001b240,4,20
0,R,0x8001b280,4,20
0,R,0x8001b2c0,4,20
0,R,0x8001b300,4,20
0,R,0x8001b340,4,20
0,R,0x8001b380,4,20
0,R,0x8001b3c0,4,20
0,R,0x8001b400,4,20
0,R,0x8001b440,4,20
0,R,0x8001b480,4,20
0,R,0x8001b4c0,4,20
0,R,0x8001b500,4,20
0,R,0x8001b540,4,20
0,R,0x8001b580,4,20
0,R,0x8001b5c0,4,20
0,R,0x8001b600,4,20
0,R,0x8001b640,4,20
0,R,0x8001b680,4,20
0,R,0x8001b6c0,4,20
0,R,0x8001b700,4,20
0,R,0x8001b740,4,20
0,R,0x8001b780,4,20
0,R,0x8001b7c0,4,20
0,R,0x8001b800,4,20
0,R,0x8001b840,4,20
0,R,0x8001b880,4,20
0,R,0x8001b8c0,4,20
0,R,0x8001b900,4,20
0,R,0x8001b940,4,20
0,R,0x8001b980,4,20
0,R,0x8001b9c0,4,20
0,R,0x8001ba00,4,20
0,R,0x8001ba40,4,20
0,R,0x8001ba80,4,20
0,R,0x8001bac0,4,20
0,R,0x8001bb00,4,20
0,R,0x8001bb40,4,20
0,R,0x8001bb80,4,20
0,R,0x8001bbc0,4,20
0,R,0x8001bc00,4,20
0,R,0x8001bc40,4,20
0,R,0x8001bc80,4,20
0,R,0x8001bcc0,4,20
0,R,0x8001bd00,4,20
0,R,0x8001bd40,4,20
0,R,0x8001bd80,4,20
0,R,0x8001bdc0,4,20
0,R,0x8001be00,4,20
0,R,0x8001be40,4,20
0,R,0x8001be80,4,20
0,R,0x8001bec0,4,20
0,R,0x8001bf00,4,20
0,R,0x8001bf40,4,20
0,R,0x8001bf80,4,20
0,R,0x8001bfc0,4,20
0,R,0x8001c000,4,20
0,R,0x8001c040,4,20
0,R,0x8001c080,4,20
0,R,0x8001c0c0,4,20
0,R,0x8001c100,4,20
0,R,0x8001c140,4,20
0,R,0x8001c180,4,20
0,R,0x8001c1c0,4,20
0,R,0x8001c200,4,20
0,R,0x8001c240,4,20
0,R,0x8001c280,4,20
0,R,0x8001c2c0,4,20
0,R,0x8001c300,4,20
0,R,0x8001c340,4,20
0,R,0x8001c380,4,20
0,R,0x8001c3c0,4,20
0,R,0x8001c400,4,20
0,R,0x8001c440,4,20
0,R,0x8001c480,4,20
0,R,0x8001c4c0,4,20
0,R,0x8001c500,4,20
0,R,0x8001c540,4,20
0,R,0x8001c580,4,20
0,R,0x8001c5c0,4,20
0,R,0x8001c600,4,20
0,R,0x8001c640,4,20
0,R,0x8001c680,4,20
0,R,0x8001c6c0,4,20
0,R,0x8001c700,4,20
0,R,0x8001c740,4,20
0,R,0x8001c780,4,20
0,R,0x8001c7c0,4,20
0,R,0x8001c800,4,20
0,R,0x8001c840,4,20
0,R,0x8001c880,4,20
0,R,0x8001c8c0,4,20
0,R,0x8001c900,4,20
0,R,0x8001c940,4,20
0,R,0x8001c980,4,20
0,R,0x8001c9c0,4,20
0,R,0x8001ca00,4,20
0,R,0x8001ca40,4,20
0,R,0x8001ca80,4,20
0,R,0x8001cac0,4,20
0,R,0x8001cb00,4,20
0,R,0x8001cb40,4,20
0,R,0x8001cb80,4,20
0,R,0x8001cbc0,4,20
0,R,0x8001cc00,4,20
0,R,0x8001cc40,4,20
0,R,0x8001cc80,4,20
0,R,0x8001ccc0,4,20
0,R,0x8001cd00,4,20
0,R,0x8001cd40,4,20
0,R,0x8001cd80,4,20
0,R,0x8001cdc0,4,20
0,R,0x8001ce00,4,20
0,R,0x8001ce40,4,20
0,R,0x8001ce80,4,20
0,R,0x8001cec0,4,20
0,R,0x8001cf00,4,20
0,R,0x8001cf40,4,20
0,R,0x8001cf80,4,20
0,R,0x8001cfc0,4,20
0,R,0x8001d000,4,20
0,R,0x8001d040,4,20
0,R,0x8001d080,4,20
0,R,0x8001d0c0,4,20
0,R,0x8001d100,4,20
0,R,0x8001d140,4,20
0,R,0x8001d180,4,20
0,R,0x8001d1c0,4,20
0,R,0x8001d200,4,20
0,R,0x8001d240,4,20
0,R,0x8001d280,4,20
0,R,0x8001d2c0,4,20
0,R,0x8001d300,4,20
0,R,0x8001d340,4,20
0,R,0x8001d380,4,20
0,R,0x8001d3c0,4,20
0,R,0x8001d400,4,20
0,R,0x8001d440,4,20
0,R,0x8001d480,4,20
0,R,0x8001d4c0,4,20
0,R,0x8001d500,4,20
0,R,0x8001d540,4,20
0,R,0x8001d580,4,20
0,R,0x8001d5c0,4,20
0,R,0x8001d600,4,20
0,R,0x8001d640,4,20
0,R,0x8001d680,4,20
0,R,0x8001d6c0,4,20
0,R,0x8001d700,4,20
0,R,0x8001d740,4,20
0,R,0x8001d780,4,20
0,R,0x8001d7c0,4,20
0,R,0x8001d800,4,20
0,R,0x8001d840,4,20
0,R,0x8001d880,4,20
0,R,0x8001d8c0,4,20
0,R,0x8001d900,4,20
0,R,0x8001d940,4,20
0,R,0x8001d980,4,20
0,R,0x8001d9c0,4,20
0,R,0x8001da00,4,20
0,R,0x8001da40,4,20
0,R,0x8001da80,4,20
0,R,0x8001dac0,4,20
0,R,0x8001db00,4,20
0,R,0x8001db40,4,20
0,R,0x8001db80,4,20
0,R,0x8001dbc0,4,20
0,R,0x8001dc00,4,20
0,R,0x8001dc40,4,20
0,R,0x8001dc80,4,20
0,R,0x8001dcc0,4,20
0,R,0x8001dd00,4,20
0,R,0x8001dd40,4,20
0,R,0x8001dd80,4,20
0,R,0x8001ddc0,4,20
0,R,0x8001de00,4,20
0,R,0x8001de40,4,20
0,R,0x8001de80,4,20
0,R,0x8001dec0,4,20
0,R,0x8001df00,4,20
0,R,0x8001df40,4,20
0,R,0x8001df80,4,20
0,R,0x8001dfc0,4,20
0,R,0x8001e000,4,20
0,R,0x8001e040,4,20
0,R,0x8001e080,4,20
0,R,0x8001e0c0,4,20
0,R,0x8001e100,4,20
0,R,0x8001e140,4,20
0,R,0x8001e180,4,20
0,R,0x8001e1c0,4,20
0,R,0x8001e200,4,20
0,R,0x8001e240,4,20
0,R,0x8001e280,4,20
0,R,0x8001e2c0,4,20
0,R,0x8001e300,4,20
0,R,0x8001e340,4,20
0,R,0x8001e380,4,20
0,R,0x8001e3c0,4,20
0,R,0x8001e400,4,20
0,R,0x8001e440,4,20
0,R,0x8001e480,4,20
0,R,0x8001e4c0,4,20
0,R,0x8001e500,4,20
0,R,0x8001e540,4,20
0,R,0x8001e580,4,20
0,R,0x8001e5c0,4,20
0,R,0x8001e600,4,20
0,R,0x8001e640,4,20
0,R,0x8001e680,4,20
0,R,0x8001e6c0,4,20
0,R,0x8001e700,4,20
0,R,0x8001e740,4,20
0,R,0x8001e780,4,20
0,R,0x8001e7c0,4,20
0,R,0x8001e800,4,20
0,R,0x8001e840,4,20
0,R,0x8001e880,4,20
0,R,0x8001e8c0,4,20
0,R,0x8001e900,4,20
0,R,0x8001e940,4,20
0,R,0x8001e980,4,20
0,R,0x8001e9c0,4,20
0,R,0x8001ea00,4,20
0,R,0x8001ea40,4,20
0,R,0x8001ea80,4,20
0,R,0x8001eac0,4,20
0,R,0x8001eb00,4,20
0,R,0x8001eb40,4,20
0,R,0x8001eb80,4,20
0,R,0x8001ebc0,4,20
0,R,0x8001ec00,4,20
0,R,0x8001ec40,4,20
0,R,0x8001ec80,4,20
0,R,0x8001ecc0,4,20
0,R,0x8001ed00,4,20
0,R,0x8001ed40,4,20
0,R,0x8001ed80,4,20
0,R,0x8001edc0,4,20
0,R,0x8001ee00,4,20
0,R,0x8001ee40,4,20
0,R,0x8001ee80,4,20
0,R,0x8001eec0,4,20
0,R,0x8001ef00,4,20
0,R,0x8001ef40,4,20
0,R,0x8001ef80,4,20
0,R,0x8001efc0,4,20
0,R,0x8001f000,4,20
0,R,0x8001f040,4,20
0,R,0x8001f080,4,20
0,R,0x8001f0c0,4,20
0,R,0x8001f100,4,20
0,R,0x8001f140,4,20
0,R,0x8001f180,4,20
0,R,0x8001f1c0,4,20
0,R,0x8001f200,4,20
0,R,0x8001f240,4,20
0,R,0x8001f280,4,20
0,R,0x8001f2c0,4,20
0,R,0x8001f300,4,20
0,R,0x8001f340,4,20
0,R,0x8001f380,4,20
0,R,0x8001f3c0,4,20
0,R,0x8001f400,4,20
0,R,0x8001f440,4,20
0,R,0x8001f480,4,20
0,R,0x8001f4c0,4,20
0,R,0x8001f500,4,20
0,R,0x8001f540,4,20
0,R,0x8001f580,4,20
0,R,0x8001f5c0,4,20
0,R,0x8001f600,4,20
0,R,0x8001f640,4,20
0,R,0x8001f680,4,20
0,R,0x8001f6c0,4,20
0,R,0x8001f700,4,20
0,R,0x8001f740,4,20
0,R,0x8001f780,4,20
0,R,0x8001f7c0,4,20
0,R,0x8001f800,4,20
0,R,0x8001f840,4,20
0,R,0x8001f880,4,20
0,R,0x8001f8c0,4,20
0,R,0x8001f900,4,20
0,R,0x8001f940,4,20
0,R,0x8001f980,4,20
0,R,0x8001f9c0,4,20
0,R,0x8001fa00,4,20
0,R,0x8001fa40,4,20
0,R,0x8001fa80,4,20
0,R,0x8001fac0,4,20
0,R,0x8001fb00,4,20
0,R,0x8001fb40,4,20
0,R,0x8001fb80,4,20
0,R,0x8001fbc0,4,20
0,R,0x8001fc00,4,20
0,R,0x8001fc40,4,20
0,R,0x8001fc80,4,20
0,R,0x8001fcc0,4,20
0,R,0x8001fd00,4,20
0,R,0x8001fd40,4,20
0,R,0x8001fd80,4,20
0,R,0x8001fdc0,4,20
0,R,0x8001fe00,4,20
0,R,0x8001fe40,4,20
0,R,0x8001fe80,4,20
0,R,0x8001fec0,4,20
0,R,0x8001ff00,4,20
0,R,0x8001ff40,4,20
0,R,0x8001ff80,4,20
0,R,0x8001ffc0,4,20
